Component: ARM Compiler 5.06 update 7 (build 960) Tool: armlink [4d3601]

==============================================================================

Section Cross References

    startup_stm32f103xb.o(STACK) refers (Special) to heapauxi.o(.text) for __use_two_region_memory
    startup_stm32f103xb.o(HEAP) refers (Special) to heapauxi.o(.text) for __use_two_region_memory
    startup_stm32f103xb.o(RESET) refers (Special) to heapauxi.o(.text) for __use_two_region_memory
    startup_stm32f103xb.o(RESET) refers to startup_stm32f103xb.o(STACK) for __initial_sp
    startup_stm32f103xb.o(RESET) refers to startup_stm32f103xb.o(.text) for Reset_Handler
    startup_stm32f103xb.o(RESET) refers to stm32f1xx_it.o(i.NMI_Handler) for NMI_Handler
    startup_stm32f103xb.o(RESET) refers to stm32f1xx_it.o(i.HardFault_Handler) for HardFault_Handler
    startup_stm32f103xb.o(RESET) refers to stm32f1xx_it.o(i.MemManage_Handler) for MemManage_Handler
    startup_stm32f103xb.o(RESET) refers to stm32f1xx_it.o(i.BusFault_Handler) for BusFault_Handler
    startup_stm32f103xb.o(RESET) refers to stm32f1xx_it.o(i.UsageFault_Handler) for UsageFault_Handler
    startup_stm32f103xb.o(RESET) refers to stm32f1xx_it.o(i.SVC_Handler) for SVC_Handler
    startup_stm32f103xb.o(RESET) refers to stm32f1xx_it.o(i.DebugMon_Handler) for DebugMon_Handler
    startup_stm32f103xb.o(RESET) refers to stm32f1xx_it.o(i.PendSV_Handler) for PendSV_Handler
    startup_stm32f103xb.o(RESET) refers to stm32f1xx_it.o(i.SysTick_Handler) for SysTick_Handler
    startup_stm32f103xb.o(RESET) refers to stm32f1xx_it.o(i.TIM1_CC_IRQHandler) for TIM1_CC_IRQHandler
    startup_stm32f103xb.o(RESET) refers to stm32f1xx_it.o(i.USART1_IRQHandler) for USART1_IRQHandler
    startup_stm32f103xb.o(.text) refers (Special) to heapauxi.o(.text) for __use_two_region_memory
    startup_stm32f103xb.o(.text) refers to system_stm32f1xx.o(i.SystemInit) for SystemInit
    startup_stm32f103xb.o(.text) refers to __main.o(!!!main) for __main
    startup_stm32f103xb.o(.text) refers to startup_stm32f103xb.o(HEAP) for Heap_Mem
    startup_stm32f103xb.o(.text) refers to startup_stm32f103xb.o(STACK) for Stack_Mem
    main.o(i.Get_Distance) refers to stm32f1xx_hal_gpio.o(i.HAL_GPIO_WritePin) for HAL_GPIO_WritePin
    main.o(i.Get_Distance) refers to stm32f1xx_hal.o(i.HAL_Delay) for HAL_Delay
    main.o(i.Get_Distance) refers to stm32f1xx_hal_tim.o(i.HAL_TIM_ReadCapturedValue) for HAL_TIM_ReadCapturedValue
    main.o(i.Get_Distance) refers to dflt_clz.o(x$fpl$dflt) for __aeabi_i2d
    main.o(i.Get_Distance) refers to dmul.o(x$fpl$dmul) for __aeabi_dmul
    main.o(i.Get_Distance) refers to scalbn.o(x$fpl$scalbn) for __ARM_scalbn
    main.o(i.Get_Distance) refers to d2f.o(x$fpl$d2f) for __aeabi_d2f
    main.o(i.Get_Distance) refers to main.o(.bss) for .bss
    main.o(i.HAL_UART_RxCpltCallback) refers to stm32f1xx_hal_uart.o(i.HAL_UART_Receive_IT) for HAL_UART_Receive_IT
    main.o(i.HAL_UART_RxCpltCallback) refers to main.o(.data) for .data
    main.o(i.HAL_UART_RxCpltCallback) refers to main.o(.bss) for .bss
    main.o(i.MX_GPIO_Init) refers to stm32f1xx_hal_gpio.o(i.HAL_GPIO_WritePin) for HAL_GPIO_WritePin
    main.o(i.MX_GPIO_Init) refers to stm32f1xx_hal_gpio.o(i.HAL_GPIO_Init) for HAL_GPIO_Init
    main.o(i.MX_TIM1_Init) refers to stm32f1xx_hal_tim.o(i.HAL_TIM_Base_Init) for HAL_TIM_Base_Init
    main.o(i.MX_TIM1_Init) refers to stm32f1xx_hal_tim.o(i.HAL_TIM_ConfigClockSource) for HAL_TIM_ConfigClockSource
    main.o(i.MX_TIM1_Init) refers to stm32f1xx_hal_tim.o(i.HAL_TIM_IC_Init) for HAL_TIM_IC_Init
    main.o(i.MX_TIM1_Init) refers to stm32f1xx_hal_tim_ex.o(i.HAL_TIMEx_MasterConfigSynchronization) for HAL_TIMEx_MasterConfigSynchronization
    main.o(i.MX_TIM1_Init) refers to stm32f1xx_hal_tim.o(i.HAL_TIM_IC_ConfigChannel) for HAL_TIM_IC_ConfigChannel
    main.o(i.MX_TIM1_Init) refers to main.o(.bss) for .bss
    main.o(i.MX_TIM2_Init) refers to rt_memclr_w.o(.text) for __aeabi_memclr4
    main.o(i.MX_TIM2_Init) refers to stm32f1xx_hal_tim.o(i.HAL_TIM_Base_Init) for HAL_TIM_Base_Init
    main.o(i.MX_TIM2_Init) refers to stm32f1xx_hal_tim.o(i.HAL_TIM_ConfigClockSource) for HAL_TIM_ConfigClockSource
    main.o(i.MX_TIM2_Init) refers to stm32f1xx_hal_tim.o(i.HAL_TIM_PWM_Init) for HAL_TIM_PWM_Init
    main.o(i.MX_TIM2_Init) refers to stm32f1xx_hal_tim_ex.o(i.HAL_TIMEx_MasterConfigSynchronization) for HAL_TIMEx_MasterConfigSynchronization
    main.o(i.MX_TIM2_Init) refers to stm32f1xx_hal_tim.o(i.HAL_TIM_PWM_ConfigChannel) for HAL_TIM_PWM_ConfigChannel
    main.o(i.MX_TIM2_Init) refers to stm32f1xx_hal_msp.o(i.HAL_TIM_MspPostInit) for HAL_TIM_MspPostInit
    main.o(i.MX_TIM2_Init) refers to main.o(.bss) for .bss
    main.o(i.SystemClock_Config) refers to rt_memclr_w.o(.text) for __aeabi_memclr4
    main.o(i.SystemClock_Config) refers to stm32f1xx_hal_rcc.o(i.HAL_RCC_OscConfig) for HAL_RCC_OscConfig
[...]
    .ARM.Collect$$libinit$$00000000          0x08000170   Section        2  libinit.o(.ARM.Collect$$libinit$$00000000)
    .ARM.Collect$$libinit$$00000002          0x08000172   Section        0  libinit2.o(.ARM.Collect$$libinit$$00000002)
    .ARM.Collect$$libinit$$00000004          0x08000172   Section        0  libinit2.o(.ARM.Collect$$libinit$$00000004)
    .ARM.Collect$$libinit$$0000000A          0x08000172   Section        0  libinit2.o(.ARM.Collect$$libinit$$0000000A)
    .ARM.Collect$$libinit$$0000000C          0x08000172   Section        0  libinit2.o(.ARM.Collect$$libinit$$0000000C)
    .ARM.Collect$$libinit$$0000000E          0x08000172   Section        0  libinit2.o(.ARM.Collect$$libinit$$0000000E)
    .ARM.Collect$$libinit$$0000000F          0x08000172   Section        6  libinit2.o(.ARM.Collect$$libinit$$0000000F)
    .ARM.Collect$$libinit$$00000011          0x08000178   Section        0  libinit2.o(.ARM.Collect$$libinit$$00000011)
    .ARM.Collect$$libinit$$00000013          0x08000178   Section        0  libinit2.o(.ARM.Collect$$libinit$$00000013)
    .ARM.Collect$$libinit$$00000015          0x08000178   Section        0  libinit2.o(.ARM.Collect$$libinit$$00000015)
    .ARM.Collect$$libinit$$00000016          0x08000178   Section       10  libinit2.o(.ARM.Collect$$libinit$$00000016)
    .ARM.Collect$$libinit$$00000017          0x08000182   Section        0  libinit2.o(.ARM.Collect$$libinit$$00000017)
    .ARM.Collect$$libinit$$00000019          0x08000182   Section        0  libinit2.o(.ARM.Collect$$libinit$$00000019)
    .ARM.Collect$$libinit$$0000001B          0x08000182   Section        0  libinit2.o(.ARM.Collect$$libinit$$0000001B)
    .ARM.Collect$$libinit$$0000001D          0x08000182   Section        0  libinit2.o(.ARM.Collect$$libinit$$0000001D)
    .ARM.Collect$$libinit$$0000001F          0x08000182   Section        0  libinit2.o(.ARM.Collect$$libinit$$0000001F)
    .ARM.Collect$$libinit$$00000021          0x08000182   Section        0  libinit2.o(.ARM.Collect$$libinit$$00000021)
    .ARM.Collect$$libinit$$00000023          0x08000182   Section        0  libinit2.o(.ARM.Collect$$libinit$$00000023)
    .ARM.Collect$$libinit$$00000025          0x08000182   Section        0  libinit2.o(.ARM.Collect$$libinit$$00000025)
    .ARM.Collect$$libinit$$0000002C          0x08000182   Section        0  libinit2.o(.ARM.Collect$$libinit$$0000002C)
    .ARM.Collect$$libinit$$0000002E          0x08000182   Section        0  libinit2.o(.ARM.Collect$$libinit$$0000002E)
    .ARM.Collect$$libinit$$00000030          0x08000182   Section        0  libinit2.o(.ARM.Collect$$libinit$$00000030)
    .ARM.Collect$$libinit$$00000032          0x08000182   Section        0  libinit2.o(.ARM.Collect$$libinit$$00000032)
    .ARM.Collect$$libinit$$00000033          0x08000182   Section        2  libinit2.o(.ARM.Collect$$libinit$$00000033)
    .ARM.Collect$$libshutdown$$00000000      0x08000184   Section        2  libshutdown.o(.ARM.Collect$$libshutdown$$00000000)
    .ARM.Collect$$libshutdown$$00000002      0x08000186   Section        0  libshutdown2.o(.ARM.Collect$$libshutdown$$00000002)
    .ARM.Collect$$libshutdown$$00000004      0x08000186   Section        0  libshutdown2.o(.ARM.Collect$$libshutdown$$00000004)
    .ARM.Collect$$libshutdown$$00000006      0x08000186   Section        0  libshutdown2.o(.ARM.Collect$$libshutdown$$00000006)
    .ARM.Collect$$libshutdown$$00000009      0x08000186   Section        0  libshutdown2.o(.ARM.Collect$$libshutdown$$00000009)
    .ARM.Collect$$libshutdown$$0000000C      0x08000186   Section        0  libshutdown2.o(.ARM.Collect$$libshutdown$$0000000C)
    .ARM.Collect$$libshutdown$$0000000E      0x08000186   Section        0  libshutdown2.o(.ARM.Collect$$libshutdown$$0000000E)
    .ARM.Collect$$libshutdown$$00000011      0x08000186   Section        0  libshutdown2.o(.ARM.Collect$$libshutdown$$00000011)
    .ARM.Collect$$libshutdown$$00000012      0x08000186   Section        2  libshutdown2.o(.ARM.Collect$$libshutdown$$00000012)
    .ARM.Collect$$rtentry$$00000000          0x08000188   Section        0  __rtentry.o(.ARM.Collect$$rtentry$$00000000)
    .ARM.Collect$$rtentry$$00000002          0x08000188   Section        0  __rtentry2.o(.ARM.Collect$$rtentry$$00000002)
    .ARM.Collect$$rtentry$$00000004          0x08000188   Section        6  __rtentry4.o(.ARM.Collect$$rtentry$$00000004)
    .ARM.Collect$$rtentry$$00000009          0x0800018e   Section        0  __rtentry2.o(.ARM.Collect$$rtentry$$00000009)
    .ARM.Collect$$rtentry$$0000000A          0x0800018e   Section        4  __rtentry2.o(.ARM.Collect$$rtentry$$0000000A)
    .ARM.Collect$$rtentry$$0000000C          0x08000192   Section        0  __rtentry2.o(.ARM.Collect$$rtentry$$0000000C)
    .ARM.Collect$$rtentry$$0000000D          0x08000192   Section        8  __rtentry2.o(.ARM.Collect$$rtentry$$0000000D)
    .ARM.Collect$$rtexit$$00000000           0x0800019a   Section        2  rtexit.o(.ARM.Collect$$rtexit$$00000000)
    .ARM.Collect$$rtexit$$00000002           0x0800019c   Section        0  rtexit2.o(.ARM.Collect$$rtexit$$00000002)
    .ARM.Collect$$rtexit$$00000003           0x0800019c   Section        4  rtexit2.o(.ARM.Collect$$rtexit$$00000003)
    .ARM.Collect$$rtexit$$00000004           0x080001a0   Section        6  rtexit2.o(.ARM.Collect$$rtexit$$00000004)
    .text                                    0x080001a8   Section       64  startup_stm32f103xb.o(.text)
    .text                                    0x080001e8   Section        0  noretval__2sprintf.o(.text)
    .text                                    0x08000210   Section        0  _printf_pad.o(.text)
    .text                                    0x08000260   Section        0  _printf_dec.o(.text)
    .text                                    0x080002d8   Section        0  __printf_wp.o(.text)
    .text                                    0x080003e6   Section       78  rt_memclr_w.o(.text)
    .text                                    0x08000434   Section        0  heapauxi.o(.text)
    .text                                    0x0800043a   Section        0  _printf_intcommon.o(.text)
    .text                                    0x080004ec   Section        0  _printf_fp_dec.o(.text)
    _fp_digits                               0x080004ef   Thumb Code   432  _printf_fp_dec.o(.text)
    .text                                    0x0800090c   Section        0  _printf_char_common.o(.text)
    _printf_input_char                       0x0800090d   Thumb Code    10  _printf_char_common.o(.text)
    .text                                    0x0800093c   Section        0  _sputc.o(.text)
    .text                                    0x08000948   Section        8  rt_locale_intlibspace.o(.text)
    .text                                    0x08000950   Section      138  lludiv10.o(.text)
    .text                                    0x080009dc   Section        0  _printf_fp_infnan.o(.text)
    .text                                    0x08000a5c   Section        0  bigflt0.o(.text)
    .text                                    0x08000b40   Section        8  libspace.o(.text)
    .text                                    0x08000b48   Section       74  sys_stackheap_outer.o(.text)
    .text                                    0x08000b92   Section        0  exit.o(.text)
    .text                                    0x08000ba4   Section      128  strcmpv7m.o(.text)
    .text                                    0x08000c24   Section        0  sys_exit.o(.text)
    .text                                    0x08000c30   Section        2  use_no_semi.o(.text)
    .text                                    0x08000c32   Section        0  indicate_semi.o(.text)
    CL$$btod_d2e                             0x08000c32   Section       62  btod.o(CL$$btod_d2e)
    CL$$btod_d2e_denorm_low                  0x08000c70   Section       70  btod.o(CL$$btod_d2e_denorm_low)
    CL$$btod_d2e_norm_op1                    0x08000cb6   Section       96  btod.o(CL$$btod_d2e_norm_op1)
    CL$$btod_div_common                      0x08000d16   Section      824  btod.o(CL$$btod_div_common)
    CL$$btod_e2e                             0x0800104e   Section      220  btod.o(CL$$btod_e2e)
    CL$$btod_ediv                            0x0800112a   Section       42  btod.o(CL$$btod_ediv)
    CL$$btod_emul                            0x08001154   Section       42  btod.o(CL$$btod_emul)
    CL$$btod_mult_common                     0x0800117e   Section      580  btod.o(CL$$btod_mult_common)
    i.BusFault_Handler                       0x080013c2   Section        0  stm32f1xx_it.o(i.BusFault_Handler)
    i.DS18B20_Check                          0x080013c4   Section        0  ds18b20.o(i.DS18B20_Check)
    i.DS18B20_Get_Temperature                0x08001424   Section        0  ds18b20.o(i.DS18B20_Get_Temperature)
    i.DS18B20_IO_IN                          0x08001474   Section        0  ds18b20.o(i.DS18B20_IO_IN)
    i.DS18B20_IO_OUT                         0x08001490   Section        0  ds18b20.o(i.DS18B20_IO_OUT)
    i.DS18B20_Init                           0x080014b0   Section        0  ds18b20.o(i.DS18B20_Init)
    i.DS18B20_Read_Bit                       0x080014c0   Section        0  ds18b20.o(i.DS18B20_Read_Bit)
    i.DS18B20_Read_Byte                      0x08001510   Section        0  ds18b20.o(i.DS18B20_Read_Byte)
    i.DS18B20_Rst                            0x08001530   Section        0  ds18b20.o(i.DS18B20_Rst)
    i.DS18B20_Start                          0x08001568   Section        0  ds18b20.o(i.DS18B20_Start)
    i.DS18B20_Write_Byte                     0x08001584   Section        0  ds18b20.o(i.DS18B20_Write_Byte)
    i.DebugMon_Handler                       0x080015e8   Section        0  stm32f1xx_it.o(i.DebugMon_Handler)
    i.Get_Distance                           0x080015ec   Section        0  main.o(i.Get_Distance)
    i.HAL_DMA_Abort                          0x0800165c   Section        0  stm32f1xx_hal_dma.o(i.HAL_DMA_Abort)
    i.HAL_DMA_Abort_IT                       0x080016a4   Section        0  stm32f1xx_hal_dma.o(i.HAL_DMA_Abort_IT)
    i.HAL_Delay                              0x0800173c   Section        0  stm32f1xx_hal.o(i.HAL_Delay)
    i.HAL_GPIO_Init                          0x08001760   Section        0  stm32f1xx_hal_gpio.o(i.HAL_GPIO_Init)
    i.HAL_GPIO_ReadPin                       0x08001940   Section        0  stm32f1xx_hal_gpio.o(i.HAL_GPIO_ReadPin)
    i.HAL_GPIO_WritePin                      0x0800194a   Section        0  stm32f1xx_hal_gpio.o(i.HAL_GPIO_WritePin)
    i.HAL_GetTick                            0x08001954   Section        0  stm32f1xx_hal.o(i.HAL_GetTick)
    i.HAL_IncTick                            0x08001960   Section        0  stm32f1xx_hal.o(i.HAL_IncTick)
    i.HAL_Init                               0x08001970   Section        0  stm32f1xx_hal.o(i.HAL_Init)
    i.HAL_InitTick                           0x08001994   Section        0  stm32f1xx_hal.o(i.HAL_InitTick)
    i.HAL_MspInit                            0x080019d4   Section        0  stm32f1xx_hal_msp.o(i.HAL_MspInit)
    i.HAL_NVIC_EnableIRQ                     0x08001a10   Section        0  stm32f1xx_hal_cortex.o(i.HAL_NVIC_EnableIRQ)
    i.HAL_NVIC_SetPriority                   0x08001a2c   Section        0  stm32f1xx_hal_cortex.o(i.HAL_NVIC_SetPriority)
    i.HAL_NVIC_SetPriorityGrouping           0x08001a6c   Section        0  stm32f1xx_hal_cortex.o(i.HAL_NVIC_SetPriorityGrouping)
    i.HAL_RCC_ClockConfig                    0x08001a90   Section        0  stm32f1xx_hal_rcc.o(i.HAL_RCC_ClockConfig)
    i.HAL_RCC_GetPCLK1Freq                   0x08001bbc   Section        0  stm32f1xx_hal_rcc.o(i.HAL_RCC_GetPCLK1Freq)
    i.HAL_RCC_GetPCLK2Freq                   0x08001bdc   Section        0  stm32f1xx_hal_rcc.o(i.HAL_RCC_GetPCLK2Freq)
    i.HAL_RCC_GetSysClockFreq                0x08001bfc   Section        0  stm32f1xx_hal_rcc.o(i.HAL_RCC_GetSysClockFreq)
    i.HAL_RCC_OscConfig                      0x08001c48   Section        0  stm32f1xx_hal_rcc.o(i.HAL_RCC_OscConfig)
    i.HAL_SYSTICK_Config                     0x08001f68   Section        0  stm32f1xx_hal_cortex.o(i.HAL_SYSTICK_Config)
    i.HAL_TIMEx_BreakCallback                0x08001f90   Section        0  stm32f1xx_hal_tim_ex.o(i.HAL_TIMEx_BreakCallback)
    i.HAL_TIMEx_CommutCallback               0x08001f92   Section        0  stm32f1xx_hal_tim_ex.o(i.HAL_TIMEx_CommutCallback)
    i.HAL_TIMEx_MasterConfigSynchronization  0x08001f94   Section        0  stm32f1xx_hal_tim_ex.o(i.HAL_TIMEx_MasterConfigSynchronization)
    i.HAL_TIM_Base_Init                      0x08001ffc   Section        0  stm32f1xx_hal_tim.o(i.HAL_TIM_Base_Init)
    i.HAL_TIM_Base_MspInit                   0x08002058   Section        0  stm32f1xx_hal_msp.o(i.HAL_TIM_Base_MspInit)
    i.HAL_TIM_ConfigClockSource              0x080020d4   Section        0  stm32f1xx_hal_tim.o(i.HAL_TIM_ConfigClockSource)
    i.HAL_TIM_IC_CaptureCallback             0x080021b0   Section        0  stm32f1xx_hal_tim.o(i.HAL_TIM_IC_CaptureCallback)
    i.HAL_TIM_IC_ConfigChannel               0x080021b2   Section        0  stm32f1xx_hal_tim.o(i.HAL_TIM_IC_ConfigChannel)
    i.HAL_TIM_IC_Init                        0x080022d6   Section        0  stm32f1xx_hal_tim.o(i.HAL_TIM_IC_Init)
    i.HAL_TIM_IC_MspInit                     0x08002330   Section        0  stm32f1xx_hal_tim.o(i.HAL_TIM_IC_MspInit)
    i.HAL_TIM_IC_Start                       0x08002334   Section        0  stm32f1xx_hal_tim.o(i.HAL_TIM_IC_Start)
    i.HAL_TIM_IRQHandler                     0x080023ec   Section        0  stm32f1xx_hal_tim.o(i.HAL_TIM_IRQHandler)
    i.HAL_TIM_MspPostInit                    0x0800251c   Section        0  stm32f1xx_hal_msp.o(i.HAL_TIM_MspPostInit)
    i.HAL_TIM_OC_DelayElapsedCallback        0x08002564   Section        0  stm32f1xx_hal_tim.o(i.HAL_TIM_OC_DelayElapsedCallback)
    i.HAL_TIM_PWM_ConfigChannel              0x08002566   Section        0  stm32f1xx_hal_tim.o(i.HAL_TIM_PWM_ConfigChannel)
    i.HAL_TIM_PWM_Init                       0x08002632   Section        0  stm32f1xx_hal_tim.o(i.HAL_TIM_PWM_Init)
    i.HAL_TIM_PWM_MspInit                    0x0800268c   Section        0  stm32f1xx_hal_tim.o(i.HAL_TIM_PWM_MspInit)
    i.HAL_TIM_PWM_PulseFinishedCallback      0x0800268e   Section        0  stm32f1xx_hal_tim.o(i.HAL_TIM_PWM_PulseFinishedCallback)
    i.HAL_TIM_PWM_Start                      0x08002690   Section        0  stm32f1xx_hal_tim.o(i.HAL_TIM_PWM_Start)
    i.HAL_TIM_PeriodElapsedCallback          0x0800272c   Section        0  stm32f1xx_hal_tim.o(i.HAL_TIM_PeriodElapsedCallback)
    i.HAL_TIM_ReadCapturedValue              0x0800272e   Section        0  stm32f1xx_hal_tim.o(i.HAL_TIM_ReadCapturedValue)
    i.HAL_TIM_TriggerCallback                0x08002758   Section        0  stm32f1xx_hal_tim.o(i.HAL_TIM_TriggerCallback)
    i.HAL_UARTEx_RxEventCallback             0x0800275a   Section        0  stm32f1xx_hal_uart.o(i.HAL_UARTEx_RxEventCallback)
    i.HAL_UART_ErrorCallback                 0x0800275c   Section        0  stm32f1xx_hal_uart.o(i.HAL_UART_ErrorCallback)
    i.HAL_UART_IRQHandler                    0x08002760   Section        0  stm32f1xx_hal_uart.o(i.HAL_UART_IRQHandler)
    i.HAL_UART_Init                          0x080029cc   Section        0  stm32f1xx_hal_uart.o(i.HAL_UART_Init)
    i.HAL_UART_MspInit                       0x08002a30   Section        0  stm32f1xx_hal_msp.o(i.HAL_UART_MspInit)
    i.HAL_UART_Receive_IT                    0x08002ac0   Section        0  stm32f1xx_hal_uart.o(i.HAL_UART_Receive_IT)
    i.HAL_UART_RxCpltCallback                0x08002adc   Section        0  main.o(i.HAL_UART_RxCpltCallback)
    i.HAL_UART_TxCpltCallback                0x08002b58   Section        0  stm32f1xx_hal_uart.o(i.HAL_UART_TxCpltCallback)
    i.HardFault_Handler                      0x08002b5a   Section        0  stm32f1xx_it.o(i.HardFault_Handler)
    i.MX_GPIO_Init                           0x08002b5c   Section        0  main.o(i.MX_GPIO_Init)
    MX_GPIO_Init                             0x08002b5d   Thumb Code   224  main.o(i.MX_GPIO_Init)
    i.MX_TIM1_Init                           0x08002c4c   Section        0  main.o(i.MX_TIM1_Init)
    MX_TIM1_Init                             0x08002c4d   Thumb Code   164  main.o(i.MX_TIM1_Init)
    i.MX_TIM2_Init                           0x08002cf8   Section        0  main.o(i.MX_TIM2_Init)
    MX_TIM2_Init                             0x08002cf9   Thumb Code   164  main.o(i.MX_TIM2_Init)
    i.MemManage_Handler                      0x08002da0   Section        0  stm32f1xx_it.o(i.MemManage_Handler)
    i.NMI_Handler                            0x08002da2   Section        0  stm32f1xx_it.o(i.NMI_Handler)
    i.OLED_Clear                             0x08002da4   Section        0  oled.o(i.OLED_Clear)
    i.OLED_I2C_Init                          0x08002dcc   Section        0  oled.o(i.OLED_I2C_Init)
    i.OLED_I2C_SendByte                      0x08002e1c   Section        0  oled.o(i.OLED_I2C_SendByte)
    i.OLED_I2C_Start                         0x08002e80   Section        0  oled.o(i.OLED_I2C_Start)
    i.OLED_I2C_Stop                          0x08002eb8   Section        0  oled.o(i.OLED_I2C_Stop)
    i.OLED_Init                              0x08002ee8   Section        0  oled.o(i.OLED_Init)
    i.OLED_Pow                               0x08002f94   Section        0  oled.o(i.OLED_Pow)
    i.OLED_SetCursor                         0x08002fa2   Section        0  oled.o(i.OLED_SetCursor)
    i.OLED_ShowChar                          0x08002fc4   Section        0  oled.o(i.OLED_ShowChar)
    i.OLED_ShowNum                           0x0800302c   Section        0  oled.o(i.OLED_ShowNum)
    i.OLED_ShowString                        0x0800306e   Section        0  oled.o(i.OLED_ShowString)
    i.OLED_WriteCommand                      0x08003094   Section        0  oled.o(i.OLED_WriteCommand)
    i.OLED_WriteData                         0x080030b6   Section        0  oled.o(i.OLED_WriteData)
    i.PendSV_Handler                         0x080030d8   Section        0  stm32f1xx_it.o(i.PendSV_Handler)
    i.SVC_Handler                            0x080030da   Section        0  stm32f1xx_it.o(i.SVC_Handler)
    i.SysTick_Handler                        0x080030dc   Section        0  stm32f1xx_it.o(i.SysTick_Handler)
    i.SystemClock_Config                     0x080030e0   Section        0  main.o(i.SystemClock_Config)
    i.SystemInit                             0x0800313e   Section        0  system_stm32f1xx.o(i.SystemInit)
    i.TIM1_CC_IRQHandler                     0x08003140   Section        0  stm32f1xx_it.o(i.TIM1_CC_IRQHandler)
    i.TIM_Base_SetConfig                     0x0800314c   Section        0  stm32f1xx_hal_tim.o(i.TIM_Base_SetConfig)
    i.TIM_CCxChannelCmd                      0x080031c4   Section        0  stm32f1xx_hal_tim.o(i.TIM_CCxChannelCmd)
    i.TIM_ETR_SetConfig                      0x080031de   Section        0  stm32f1xx_hal_tim.o(i.TIM_ETR_SetConfig)
    i.TIM_ITRx_SetConfig                     0x080031f2   Section        0  stm32f1xx_hal_tim.o(i.TIM_ITRx_SetConfig)
    TIM_ITRx_SetConfig                       0x080031f3   Thumb Code    16  stm32f1xx_hal_tim.o(i.TIM_ITRx_SetConfig)
    i.TIM_OC1_SetConfig                      0x08003204   Section        0  stm32f1xx_hal_tim.o(i.TIM_OC1_SetConfig)
    TIM_OC1_SetConfig                        0x08003205   Thumb Code    74  stm32f1xx_hal_tim.o(i.TIM_OC1_SetConfig)
    i.TIM_OC2_SetConfig                      0x08003254   Section        0  stm32f1xx_hal_tim.o(i.TIM_OC2_SetConfig)
    i.TIM_OC3_SetConfig                      0x080032ac   Section        0  stm32f1xx_hal_tim.o(i.TIM_OC3_SetConfig)
    TIM_OC3_SetConfig                        0x080032ad   Thumb Code    82  stm32f1xx_hal_tim.o(i.TIM_OC3_SetConfig)
    i.TIM_OC4_SetConfig                      0x08003304   Section        0  stm32f1xx_hal_tim.o(i.TIM_OC4_SetConfig)
    TIM_OC4_SetConfig                        0x08003305   Thumb Code    64  stm32f1xx_hal_tim.o(i.TIM_OC4_SetConfig)
    i.TIM_TI1_ConfigInputStage               0x08003348   Section        0  stm32f1xx_hal_tim.o(i.TIM_TI1_ConfigInputStage)
    TIM_TI1_ConfigInputStage                 0x08003349   Thumb Code    34  stm32f1xx_hal_tim.o(i.TIM_TI1_ConfigInputStage)
    i.TIM_TI1_SetConfig                      0x0800336c   Section        0  stm32f1xx_hal_tim.o(i.TIM_TI1_SetConfig)
    i.TIM_TI2_ConfigInputStage               0x080033c4   Section        0  stm32f1xx_hal_tim.o(i.TIM_TI2_ConfigInputStage)
    TIM_TI2_ConfigInputStage                 0x080033c5   Thumb Code    36  stm32f1xx_hal_tim.o(i.TIM_TI2_ConfigInputStage)
    i.TIM_TI2_SetConfig                      0x080033e8   Section        0  stm32f1xx_hal_tim.o(i.TIM_TI2_SetConfig)
    TIM_TI2_SetConfig                        0x080033e9   Thumb Code    54  stm32f1xx_hal_tim.o(i.TIM_TI2_SetConfig)
    i.UART_DMAAbortOnError                   0x0800341e   Section        0  stm32f1xx_hal_uart.o(i.UART_DMAAbortOnError)
    UART_DMAAbortOnError                     0x0800341f   Thumb Code    16  stm32f1xx_hal_uart.o(i.UART_DMAAbortOnError)
    i.UART_EndRxTransfer                     0x0800342e   Section        0  stm32f1xx_hal_uart.o(i.UART_EndRxTransfer)
    UART_EndRxTransfer                       0x0800342f   Thumb Code    78  stm32f1xx_hal_uart.o(i.UART_EndRxTransfer)
    i.UART_Receive_IT                        0x0800347c   Section        0  stm32f1xx_hal_uart.o(i.UART_Receive_IT)
    UART_Receive_IT                          0x0800347d   Thumb Code   194  stm32f1xx_hal_uart.o(i.UART_Receive_IT)
    i.UART_SetConfig                         0x08003540   Section        0  stm32f1xx_hal_uart.o(i.UART_SetConfig)
    UART_SetConfig                           0x08003541   Thumb Code   178  stm32f1xx_hal_uart.o(i.UART_SetConfig)
    i.UART_Start_Receive_IT                  0x080035f8   Section        0  stm32f1xx_hal_uart.o(i.UART_Start_Receive_IT)
    i.USART1_IRQHandler                      0x08003630   Section        0  stm32f1xx_it.o(i.USART1_IRQHandler)
    i.UsageFault_Handler                     0x0800363c   Section        0  stm32f1xx_it.o(i.UsageFault_Handler)
    i.__ARM_fpclassify                       0x0800363e   Section        0  fpclassify.o(i.__ARM_fpclassify)
    i.__NVIC_SetPriority                     0x08003666   Section        0  stm32f1xx_hal_cortex.o(i.__NVIC_SetPriority)
    __NVIC_SetPriority                       0x08003667   Thumb Code    32  stm32f1xx_hal_cortex.o(i.__NVIC_SetPriority)
    i._is_digit                              0x08003686   Section        0  __printf_wp.o(i._is_digit)
    i.delay_us                               0x08003694   Section        0  ds18b20.o(i.delay_us)
    i.main                                   0x080036a4   Section        0  main.o(i.main)
    locale$$code                             0x08003a6c   Section       44  lc_numeric_c.o(locale$$code)
    x$fpl$d2f                                0x08003a98   Section       98  d2f.o(x$fpl$d2f)
    x$fpl$dcheck1                            0x08003afc   Section       16  dcheck1.o(x$fpl$dcheck1)
    x$fpl$dfix                               0x08003b0c   Section       94  dfix.o(x$fpl$dfix)
    x$fpl$dflt                               0x08003b6a   Section       46  dflt_clz.o(x$fpl$dflt)
    x$fpl$dmul                               0x08003b98   Section      340  dmul.o(x$fpl$dmul)
    x$fpl$dnaninf                            0x08003cec   Section      156  dnaninf.o(x$fpl$dnaninf)
    x$fpl$dretinf                            0x08003d88   Section       12  dretinf.o(x$fpl$dretinf)
    x$fpl$f2d                                0x08003d94   Section       86  f2d.o(x$fpl$f2d)
    x$fpl$fnaninf                            0x08003dea   Section      140  fnaninf.o(x$fpl$fnaninf)
    x$fpl$fretinf                            0x08003e76   Section       10  fretinf.o(x$fpl$fretinf)
    x$fpl$printf1                            0x08003e80   Section        4  printf1.o(x$fpl$printf1)
    x$fpl$retnan                             0x08003e84   Section      100  retnan.o(x$fpl$retnan)
    x$fpl$scalbn                             0x08003ee8   Section       92  scalbn.o(x$fpl$scalbn)
    x$fpl$trapveneer                         0x08003f44   Section       48  trapv.o(x$fpl$trapveneer)
    .constdata                               0x08003f74   Section       18  stm32f1xx_hal_rcc.o(.constdata)
    x$fpl$usenofp                            0x08003f74   Section        0  usenofp.o(x$fpl$usenofp)
    aPredivFactorTable                       0x08003f74   Data           2  stm32f1xx_hal_rcc.o(.constdata)
    aPLLMULFactorTable                       0x08003f76   Data          16  stm32f1xx_hal_rcc.o(.constdata)
    .constdata                               0x08003f86   Section       16  system_stm32f1xx.o(.constdata)
    .constdata                               0x08003f96   Section        8  system_stm32f1xx.o(.constdata)
    .constdata                               0x08003f9e   Section     1520  oled.o(.constdata)
    .constdata                               0x08004590   Section      148  bigflt0.o(.constdata)
    tenpwrs_x                                0x08004590   Data          60  bigflt0.o(.constdata)
    tenpwrs_i                                0x080045cc   Data          64  bigflt0.o(.constdata)
    locale$$data                             0x08004644   Section       28  lc_numeric_c.o(locale$$data)
    __lcnum_c_name                           0x08004648   Data           2  lc_numeric_c.o(locale$$data)
    __lcnum_c_start                          0x08004650   Data           0  lc_numeric_c.o(locale$$data)
    __lcnum_c_point                          0x0800465c   Data           0  lc_numeric_c.o(locale$$data)
    __lcnum_c_thousands                      0x0800465e   Data           0  lc_numeric_c.o(locale$$data)
    __lcnum_c_grouping                       0x0800465f   Data           0  lc_numeric_c.o(locale$$data)
    __lcnum_c_end                            0x08004660   Data           0  lc_numeric_c.o(locale$$data)
    .data                                    0x20000000   Section        8  main.o(.data)
    .data                                    0x20000008   Section       12  stm32f1xx_hal.o(.data)
    .data                                    0x20000014   Section        4  system_stm32f1xx.o(.data)
    .bss                                     0x20000018   Section      216  main.o(.bss)
    .bss                                     0x200000f0   Section       96  libspace.o(.bss)
    HEAP                                     0x20000150   Section      512  startup_stm32f103xb.o(HEAP)
    Heap_Mem                                 0x20000150   Data         512  startup_stm32f103xb.o(HEAP)
    STACK                                    0x20000350   Section     1024  startup_stm32f103xb.o(STACK)
    Stack_Mem                                0x20000350   Data        1024  startup_stm32f103xb.o(STACK)
    __initial_sp                             0x20000750   Data           0  startup_stm32f103xb.o(STACK)

    Global Symbols

    Symbol Name                              Value     Ov Type        Size  Object(Section)

    BuildAttributes$$THM_ISAv4$P$D$K$B$S$PE$A:L22UL41UL21$X:L11$S22US41US21$IEEE1$IW$USESV6$~STKCKD$USESV7$~SHL$OTIME$ROPI$IEEEJ$EBA8$UX$STANDARDLIB$REQ8$PRES8$EABIv2 0x00000000   Number         0  anon$$obj.o ABSOLUTE
    __ARM_use_no_argv                        0x00000000   Number         0  main.o ABSOLUTE
    _printf_flags                            0x00000000   Number         0  printf_stubs.o ABSOLUTE
    _printf_return_value                     0x00000000   Number         0  printf_stubs.o ABSOLUTE
    _printf_sizespec                         0x00000000   Number         0  printf_stubs.o ABSOLUTE
    _printf_widthprec                        0x00000000   Number         0  printf_stubs.o ABSOLUTE
    __ARM_exceptions_init                     - Undefined Weak Reference
    __alloca_initialize                       - Undefined Weak Reference
    __arm_fini_                               - Undefined Weak Reference
    __arm_preinit_                            - Undefined Weak Reference
    __cpp_initialize__aeabi_                  - Undefined Weak Reference
    __cxa_finalize                            - Undefined Weak Reference
    __sigvec_lookup                           - Undefined Weak Reference
    _atexit_init                              - Undefined Weak Reference
    _call_atexit_fns                          - Undefined Weak Reference
    _clock_init                               - Undefined Weak Reference
    _fp_trap_init                             - Undefined Weak Reference
    _fp_trap_shutdown                         - Undefined Weak Reference
    _get_lc_collate                           - Undefined Weak Reference
    _get_lc_ctype                             - Undefined Weak Reference
    _get_lc_monetary                          - Undefined Weak Reference
    _get_lc_time                              - Undefined Weak Reference
    _getenv_init                              - Undefined Weak Reference
    _handle_redirection                       - Undefined Weak Reference
    _init_alloc                               - Undefined Weak Reference
    _init_user_alloc                          - Undefined Weak Reference
    _initio                                   - Undefined Weak Reference
    _printf_truncate_signed                   - Undefined Weak Reference
    _printf_truncate_unsigned                 - Undefined Weak Reference
    _rand_init                                - Undefined Weak Reference
    _signal_finish                            - Undefined Weak Reference
    _signal_init                              - Undefined Weak Reference
    _terminate_alloc                          - Undefined Weak Reference
    _terminate_user_alloc                     - Undefined Weak Reference
    _terminateio                              - Undefined Weak Reference
    __Vectors_Size                           0x000000ec   Number         0  startup_stm32f103xb.o ABSOLUTE
    __Vectors                                0x08000000   Data           4  startup_stm32f103xb.o(RESET)
    __Vectors_End                            0x080000ec   Data           0  startup_stm32f103xb.o(RESET)
    __main                                   0x080000ed   Thumb Code     8  __main.o(!!!main)
    __scatterload                            0x080000f5   Thumb Code     0  __scatter.o(!!!scatter)
    __scatterload_rt2                        0x080000f5   Thumb Code    44  __scatter.o(!!!scatter)
    __scatterload_rt2_thumb_only             0x080000f5   Thumb Code     0  __scatter.o(!!!scatter)
    __scatterload_null                       0x08000103   Thumb Code     0  __scatter.o(!!!scatter)
    __scatterload_copy                       0x08000129   Thumb Code    26  __scatter_copy.o(!!handler_copy)
    __scatterload_zeroinit                   0x08000145   Thumb Code    28  __scatter_zi.o(!!handler_zi)
    _printf_f                                0x08000161   Thumb Code     0  _printf_f.o(.ARM.Collect$$_printf_percent$$00000003)
    _printf_percent                          0x08000161   Thumb Code     0  _printf_percent.o(.ARM.Collect$$_printf_percent$$00000000)
    _printf_d                                0x08000167   Thumb Code     0  _printf_d.o(.ARM.Collect$$_printf_percent$$00000009)
    _printf_percent_end                      0x0800016d   Thumb Code     0  _printf_percent_end.o(.ARM.Collect$$_printf_percent$$00000017)
    __rt_lib_init                            0x08000171   Thumb Code     0  libinit.o(.ARM.Collect$$libinit$$00000000)
    __rt_lib_init_fp_1                       0x08000173   Thumb Code     0  libinit2.o(.ARM.Collect$$libinit$$00000002)
    __rt_lib_init_heap_1                     0x08000173   Thumb Code     0  libinit2.o(.ARM.Collect$$libinit$$0000000A)
    __rt_lib_init_lc_common                  0x08000173   Thumb Code     0  libinit2.o(.ARM.Collect$$libinit$$0000000F)
    __rt_lib_init_preinit_1                  0x08000173   Thumb Code     0  libinit2.o(.ARM.Collect$$libinit$$00000004)
    __rt_lib_init_rand_1                     0x08000173   Thumb Code     0  libinit2.o(.ARM.Collect$$libinit$$0000000E)
    __rt_lib_init_user_alloc_1               0x08000173   Thumb Code     0  libinit2.o(.ARM.Collect$$libinit$$0000000C)
    __rt_lib_init_lc_collate_1               0x08000179   Thumb Code     0  libinit2.o(.ARM.Collect$$libinit$$00000011)
    __rt_lib_init_lc_ctype_1                 0x08000179   Thumb Code     0  libinit2.o(.ARM.Collect$$libinit$$00000013)
    __rt_lib_init_lc_monetary_1              0x08000179   Thumb Code     0  libinit2.o(.ARM.Collect$$libinit$$00000015)
    __rt_lib_init_lc_numeric_2               0x08000179   Thumb Code     0  libinit2.o(.ARM.Collect$$libinit$$00000016)
    __rt_lib_init_alloca_1                   0x08000183   Thumb Code     0  libinit2.o(.ARM.Collect$$libinit$$0000002E)
    __rt_lib_init_argv_1                     0x08000183   Thumb Code     0  libinit2.o(.ARM.Collect$$libinit$$0000002C)
    __rt_lib_init_atexit_1                   0x08000183   Thumb Code     0  libinit2.o(.ARM.Collect$$libinit$$0000001B)
    __rt_lib_init_clock_1                    0x08000183   Thumb Code     0  libinit2.o(.ARM.Collect$$libinit$$00000021)
    __rt_lib_init_cpp_1                      0x08000183   Thumb Code     0  libinit2.o(.ARM.Collect$$libinit$$00000032)
    __rt_lib_init_exceptions_1               0x08000183   Thumb Code     0  libinit2.o(.ARM.Collect$$libinit$$00000030)
    __rt_lib_init_fp_trap_1                  0x08000183   Thumb Code     0  libinit2.o(.ARM.Collect$$libinit$$0000001F)
    __rt_lib_init_getenv_1                   0x08000183   Thumb Code     0  libinit2.o(.ARM.Collect$$libinit$$00000023)
    __rt_lib_init_lc_numeric_1               0x08000183   Thumb Code     0  libinit2.o(.ARM.Collect$$libinit$$00000017)
    __rt_lib_init_lc_time_1                  0x08000183   Thumb Code     0  libinit2.o(.ARM.Collect$$libinit$$00000019)
    __rt_lib_init_return                     0x08000183   Thumb Code     0  libinit2.o(.ARM.Collect$$libinit$$00000033)
    __rt_lib_init_signal_1                   0x08000183   Thumb Code     0  libinit2.o(.ARM.Collect$$libinit$$0000001D)
    __rt_lib_init_stdio_1                    0x08000183   Thumb Code     0  libinit2.o(.ARM.Collect$$libinit$$00000025)
    __rt_lib_shutdown                        0x08000185   Thumb Code     0  libshutdown.o(.ARM.Collect$$libshutdown$$00000000)
    __rt_lib_shutdown_cpp_1                  0x08000187   Thumb Code     0  libshutdown2.o(.ARM.Collect$$libshutdown$$00000004)
    __rt_lib_shutdown_fini_1                 0x08000187   Thumb Code     0  libshutdown2.o(.ARM.Collect$$libshutdown$$00000002)
    __rt_lib_shutdown_fp_trap_1              0x08000187   Thumb Code     0  libshutdown2.o(.ARM.Collect$$libshutdown$$00000009)
    __rt_lib_shutdown_heap_1                 0x08000187   Thumb Code     0  libshutdown2.o(.ARM.Collect$$libshutdown$$00000011)
    __rt_lib_shutdown_return                 0x08000187   Thumb Code     0  libshutdown2.o(.ARM.Collect$$libshutdown$$00000012)
    __rt_lib_shutdown_signal_1               0x08000187   Thumb Code     0  libshutdown2.o(.ARM.Collect$$libshutdown$$0000000C)
    __rt_lib_shutdown_stdio_1                0x08000187   Thumb Code     0  libshutdown2.o(.ARM.Collect$$libshutdown$$00000006)
    __rt_lib_shutdown_user_alloc_1           0x08000187   Thumb Code     0  libshutdown2.o(.ARM.Collect$$libshutdown$$0000000E)
    __rt_entry                               0x08000189   Thumb Code     0  __rtentry.o(.ARM.Collect$$rtentry$$00000000)
    __rt_entry_presh_1                       0x08000189   Thumb Code     0  __rtentry2.o(.ARM.Collect$$rtentry$$00000002)
    __rt_entry_sh                            0x08000189   Thumb Code     0  __rtentry4.o(.ARM.Collect$$rtentry$$00000004)
    __rt_entry_li                            0x0800018f   Thumb Code     0  __rtentry2.o(.ARM.Collect$$rtentry$$0000000A)
    __rt_entry_postsh_1                      0x0800018f   Thumb Code     0  __rtentry2.o(.ARM.Collect$$rtentry$$00000009)
    __rt_entry_main                          0x08000193   Thumb Code     0  __rtentry2.o(.ARM.Collect$$rtentry$$0000000D)
    __rt_entry_postli_1                      0x08000193   Thumb Code     0  __rtentry2.o(.ARM.Collect$$rtentry$$0000000C)
    __rt_exit                                0x0800019b   Thumb Code     0  rtexit.o(.ARM.Collect$$rtexit$$00000000)
    __rt_exit_ls                             0x0800019d   Thumb Code     0  rtexit2.o(.ARM.Collect$$rtexit$$00000003)
    __rt_exit_prels_1                        0x0800019d   Thumb Code     0  rtexit2.o(.ARM.Collect$$rtexit$$00000002)
    __rt_exit_exit                           0x080001a1   Thumb Code     0  rtexit2.o(.ARM.Collect$$rtexit$$00000004)
    Reset_Handler                            0x080001a9   Thumb Code     8  startup_stm32f103xb.o(.text)
    ADC1_2_IRQHandler                        0x080001c3   Thumb Code     0  startup_stm32f103xb.o(.text)
    CAN1_RX1_IRQHandler                      0x080001c3   Thumb Code     0  startup_stm32f103xb.o(.text)
    CAN1_SCE_IRQHandler                      0x080001c3   Thumb Code     0  startup_stm32f103xb.o(.text)
    DMA1_Channel1_IRQHandler                 0x080001c3   Thumb Code     0  startup_stm32f103xb.o(.text)
    DMA1_Channel2_IRQHandler                 0x080001c3   Thumb Code     0  startup_stm32f103xb.o(.text)
    DMA1_Channel3_IRQHandler                 0x080001c3   Thumb Code     0  startup_stm32f103xb.o(.text)
    DMA1_Channel4_IRQHandler                 0x080001c3   Thumb Code     0  startup_stm32f103xb.o(.text)
    DMA1_Channel5_IRQHandler                 0x080001c3   Thumb Code     0  startup_stm32f103xb.o(.text)
    DMA1_Channel6_IRQHandler                 0x080001c3   Thumb Code     0  startup_stm32f103xb.o(.text)
    DMA1_Channel7_IRQHandler                 0x080001c3   Thumb Code     0  startup_stm32f103xb.o(.text)
    EXTI0_IRQHandler                         0x080001c3   Thumb Code     0  startup_stm32f103xb.o(.text)
    EXTI15_10_IRQHandler                     0x080001c3   Thumb Code     0  startup_stm32f103xb.o(.text)
    EXTI1_IRQHandler                         0x080001c3   Thumb Code     0  startup_stm32f103xb.o(.text)
    EXTI2_IRQHandler                         0x080001c3   Thumb Code     0  startup_stm32f103xb.o(.text)
    EXTI3_IRQHandler                         0x080001c3   Thumb Code     0  startup_stm32f103xb.o(.text)
    EXTI4_IRQHandler                         0x080001c3   Thumb Code     0  startup_stm32f103xb.o(.text)
    EXTI9_5_IRQHandler                       0x080001c3   Thumb Code     0  startup_stm32f103xb.o(.text)
    FLASH_IRQHandler                         0x080001c3   Thumb Code     0  startup_stm32f103xb.o(.text)
    I2C1_ER_IRQHandler                       0x080001c3   Thumb Code     0  startup_stm32f103xb.o(.text)
    I2C1_EV_IRQHandler                       0x080001c3   Thumb Code     0  startup_stm32f103xb.o(.text)
    I2C2_ER_IRQHandler                       0x080001c3   Thumb Code     0  startup_stm32f103xb.o(.text)
    I2C2_EV_IRQHandler                       0x080001c3   Thumb Code     0  startup_stm32f103xb.o(.text)
    PVD_IRQHandler                           0x080001c3   Thumb Code     0  startup_stm32f103xb.o(.text)
    RCC_IRQHandler                           0x080001c3   Thumb Code     0  startup_stm32f103xb.o(.text)
    RTC_Alarm_IRQHandler                     0x080001c3   Thumb Code     0  startup_stm32f103xb.o(.text)
    RTC_IRQHandler                           0x080001c3   Thumb Code     0  startup_stm32f103xb.o(.text)
    SPI1_IRQHandler                          0x080001c3   Thumb Code     0  startup_stm32f103xb.o(.text)
    SPI2_IRQHandler                          0x080001c3   Thumb Code     0  startup_stm32f103xb.o(.text)
    TAMPER_IRQHandler                        0x080001c3   Thumb Code     0  startup_stm32f103xb.o(.text)
    TIM1_BRK_IRQHandler                      0x080001c3   Thumb Code     0  startup_stm32f103xb.o(.text)
    TIM1_TRG_COM_IRQHandler                  0x080001c3   Thumb Code     0  startup_stm32f103xb.o(.text)
    TIM1_UP_IRQHandler                       0x080001c3   Thumb Code     0  startup_stm32f103xb.o(.text)
    TIM2_IRQHandler                          0x080001c3   Thumb Code     0  startup_stm32f103xb.o(.text)
    TIM3_IRQHandler                          0x080001c3   Thumb Code     0  startup_stm32f103xb.o(.text)
    TIM4_IRQHandler                          0x080001c3   Thumb Code     0  startup_stm32f103xb.o(.text)
    USART2_IRQHandler                        0x080001c3   Thumb Code     0  startup_stm32f103xb.o(.text)
    USART3_IRQHandler                        0x080001c3   Thumb Code     0  startup_stm32f103xb.o(.text)
    USBWakeUp_IRQHandler                     0x080001c3   Thumb Code     0  startup_stm32f103xb.o(.text)
    USB_HP_CAN1_TX_IRQHandler                0x080001c3   Thumb Code     0  startup_stm32f103xb.o(.text)
    USB_LP_CAN1_RX0_IRQHandler               0x080001c3   Thumb Code     0  startup_stm32f103xb.o(.text)
    WWDG_IRQHandler                          0x080001c3   Thumb Code     0  startup_stm32f103xb.o(.text)
    __user_initial_stackheap                 0x080001c5   Thumb Code     0  startup_stm32f103xb.o(.text)
    __2sprintf                               0x080001e9   Thumb Code    34  noretval__2sprintf.o(.text)
    _printf_pre_padding                      0x08000211   Thumb Code    44  _printf_pad.o(.text)
    _printf_post_padding                     0x0800023d   Thumb Code    34  _printf_pad.o(.text)
    _printf_int_dec                          0x08000261   Thumb Code   104  _printf_dec.o(.text)
    __printf                                 0x080002d9   Thumb Code   270  __printf_wp.o(.text)
    __aeabi_memclr4                          0x080003e7   Thumb Code     0  rt_memclr_w.o(.text)
    __aeabi_memclr8                          0x080003e7   Thumb Code     0  rt_memclr_w.o(.text)
    __rt_memclr_w                            0x080003e7   Thumb Code    78  rt_memclr_w.o(.text)
    _memset_w                                0x080003eb   Thumb Code     0  rt_memclr_w.o(.text)
    __use_two_region_memory                  0x08000435   Thumb Code     2  heapauxi.o(.text)
    __rt_heap_escrow$2region                 0x08000437   Thumb Code     2  heapauxi.o(.text)
    __rt_heap_expand$2region                 0x08000439   Thumb Code     2  heapauxi.o(.text)
    _printf_int_common                       0x0800043b   Thumb Code   178  _printf_intcommon.o(.text)
    __lib_sel_fp_printf                      0x080004ed   Thumb Code     2  _printf_fp_dec.o(.text)
    _printf_fp_dec_real                      0x0800069f   Thumb Code   620  _printf_fp_dec.o(.text)
    _printf_char_common                      0x08000917   Thumb Code    32  _printf_char_common.o(.text)
    _sputc                                   0x0800093d   Thumb Code    10  _sputc.o(.text)
    __rt_locale                              0x08000949   Thumb Code     8  rt_locale_intlibspace.o(.text)
    _ll_udiv10                               0x08000951   Thumb Code   138  lludiv10.o(.text)
    _printf_fp_infnan                        0x080009dd   Thumb Code   112  _printf_fp_infnan.o(.text)
    _btod_etento                             0x08000a5d   Thumb Code   224  bigflt0.o(.text)
    __user_libspace                          0x08000b41   Thumb Code     8  libspace.o(.text)
    __user_perproc_libspace                  0x08000b41   Thumb Code     0  libspace.o(.text)
    __user_perthread_libspace                0x08000b41   Thumb Code     0  libspace.o(.text)
    __user_setup_stackheap                   0x08000b49   Thumb Code    74  sys_stackheap_outer.o(.text)
    exit                                     0x08000b93   Thumb Code    18  exit.o(.text)
    strcmp                                   0x08000ba5   Thumb Code   128  strcmpv7m.o(.text)
    _sys_exit                                0x08000c25   Thumb Code     8  sys_exit.o(.text)
    __I$use$semihosting                      0x08000c31   Thumb Code     0  use_no_semi.o(.text)
    __use_no_semihosting_swi                 0x08000c31   Thumb Code     2  use_no_semi.o(.text)
    __semihosting_library_function           0x08000c33   Thumb Code     0  indicate_semi.o(.text)
    _btod_d2e                                0x08000c33   Thumb Code    62  btod.o(CL$$btod_d2e)
    _d2e_denorm_low                          0x08000c71   Thumb Code    70  btod.o(CL$$btod_d2e_denorm_low)
    _d2e_norm_op1                            0x08000cb7   Thumb Code    96  btod.o(CL$$btod_d2e_norm_op1)
    __btod_div_common                        0x08000d17   Thumb Code   696  btod.o(CL$$btod_div_common)
    _e2e                                     0x0800104f   Thumb Code   220  btod.o(CL$$btod_e2e)
    _btod_ediv                               0x0800112b   Thumb Code    42  btod.o(CL$$btod_ediv)
    _btod_emul                               0x08001155   Thumb Code    42  btod.o(CL$$btod_emul)
    __btod_mult_common                       0x0800117f   Thumb Code   580  btod.o(CL$$btod_mult_common)
    BusFault_Handler                         0x080013c3   Thumb Code     2  stm32f1xx_it.o(i.BusFault_Handler)
    DS18B20_Check                            0x080013c5   Thumb Code    92  ds18b20.o(i.DS18B20_Check)
    DS18B20_Get_Temperature                  0x08001425   Thumb Code    74  ds18b20.o(i.DS18B20_Get_Temperature)
    DS18B20_IO_IN                            0x08001475   Thumb Code    22  ds18b20.o(i.DS18B20_IO_IN)
    DS18B20_IO_OUT                           0x08001491   Thumb Code    26  ds18b20.o(i.DS18B20_IO_OUT)
    DS18B20_Init                             0x080014b1   Thumb Code    14  ds18b20.o(i.DS18B20_Init)
    DS18B20_Read_Bit                         0x080014c1   Thumb Code    74  ds18b20.o(i.DS18B20_Read_Bit)
    DS18B20_Read_Byte                        0x08001511   Thumb Code    32  ds18b20.o(i.DS18B20_Read_Byte)
    DS18B20_Rst                              0x08001531   Thumb Code    50  ds18b20.o(i.DS18B20_Rst)
    DS18B20_Start                            0x08001569   Thumb Code    26  ds18b20.o(i.DS18B20_Start)
    DS18B20_Write_Byte                       0x08001585   Thumb Code    96  ds18b20.o(i.DS18B20_Write_Byte)
    DebugMon_Handler                         0x080015e9   Thumb Code     2  stm32f1xx_it.o(i.DebugMon_Handler)
    Get_Distance                             0x080015ed   Thumb Code    94  main.o(i.Get_Distance)
    HAL_DMA_Abort                            0x0800165d   Thumb Code    70  stm32f1xx_hal_dma.o(i.HAL_DMA_Abort)
    HAL_DMA_Abort_IT                         0x080016a5   Thumb Code   148  stm32f1xx_hal_dma.o(i.HAL_DMA_Abort_IT)
    HAL_Delay                                0x0800173d   Thumb Code    32  stm32f1xx_hal.o(i.HAL_Delay)
    HAL_GPIO_Init                            0x08001761   Thumb Code   446  stm32f1xx_hal_gpio.o(i.HAL_GPIO_Init)
    HAL_GPIO_ReadPin                         0x08001941   Thumb Code    10  stm32f1xx_hal_gpio.o(i.HAL_GPIO_ReadPin)
    HAL_GPIO_WritePin                        0x0800194b   Thumb Code    10  stm32f1xx_hal_gpio.o(i.HAL_GPIO_WritePin)
    HAL_GetTick                              0x08001955   Thumb Code     6  stm32f1xx_hal.o(i.HAL_GetTick)
    HAL_IncTick                              0x08001961   Thumb Code    12  stm32f1xx_hal.o(i.HAL_IncTick)
    HAL_Init                                 0x08001971   Thumb Code    32  stm32f1xx_hal.o(i.HAL_Init)
    HAL_InitTick                             0x08001995   Thumb Code    54  stm32f1xx_hal.o(i.HAL_InitTick)
    HAL_MspInit                              0x080019d5   Thumb Code    52  stm32f1xx_hal_msp.o(i.HAL_MspInit)
    HAL_NVIC_EnableIRQ                       0x08001a11   Thumb Code    26  stm32f1xx_hal_cortex.o(i.HAL_NVIC_EnableIRQ)
    HAL_NVIC_SetPriority                     0x08001a2d   Thumb Code    60  stm32f1xx_hal_cortex.o(i.HAL_NVIC_SetPriority)
    HAL_NVIC_SetPriorityGrouping             0x08001a6d   Thumb Code    26  stm32f1xx_hal_cortex.o(i.HAL_NVIC_SetPriorityGrouping)
    HAL_RCC_ClockConfig                      0x08001a91   Thumb Code   280  stm32f1xx_hal_rcc.o(i.HAL_RCC_ClockConfig)
    HAL_RCC_GetPCLK1Freq                     0x08001bbd   Thumb Code    20  stm32f1xx_hal_rcc.o(i.HAL_RCC_GetPCLK1Freq)
    HAL_RCC_GetPCLK2Freq                     0x08001bdd   Thumb Code    20  stm32f1xx_hal_rcc.o(i.HAL_RCC_GetPCLK2Freq)
    HAL_RCC_GetSysClockFreq                  0x08001bfd   Thumb Code    58  stm32f1xx_hal_rcc.o(i.HAL_RCC_GetSysClockFreq)
    HAL_RCC_OscConfig                        0x08001c49   Thumb Code   778  stm32f1xx_hal_rcc.o(i.HAL_RCC_OscConfig)
    HAL_SYSTICK_Config                       0x08001f69   Thumb Code    40  stm32f1xx_hal_cortex.o(i.HAL_SYSTICK_Config)
    HAL_TIMEx_BreakCallback                  0x08001f91   Thumb Code     2  stm32f1xx_hal_tim_ex.o(i.HAL_TIMEx_BreakCallback)
    HAL_TIMEx_CommutCallback                 0x08001f93   Thumb Code     2  stm32f1xx_hal_tim_ex.o(i.HAL_TIMEx_CommutCallback)
    HAL_TIMEx_MasterConfigSynchronization    0x08001f95   Thumb Code    92  stm32f1xx_hal_tim_ex.o(i.HAL_TIMEx_MasterConfigSynchronization)
    HAL_TIM_Base_Init                        0x08001ffd   Thumb Code    90  stm32f1xx_hal_tim.o(i.HAL_TIM_Base_Init)
    HAL_TIM_Base_MspInit                     0x08002059   Thumb Code   112  stm32f1xx_hal_msp.o(i.HAL_TIM_Base_MspInit)
    HAL_TIM_ConfigClockSource                0x080020d5   Thumb Code   220  stm32f1xx_hal_tim.o(i.HAL_TIM_ConfigClockSource)
    HAL_TIM_IC_CaptureCallback               0x080021b1   Thumb Code     2  stm32f1xx_hal_tim.o(i.HAL_TIM_IC_CaptureCallback)
    HAL_TIM_IC_ConfigChannel                 0x080021b3   Thumb Code   292  stm32f1xx_hal_tim.o(i.HAL_TIM_IC_ConfigChannel)
    HAL_TIM_IC_Init                          0x080022d7   Thumb Code    90  stm32f1xx_hal_tim.o(i.HAL_TIM_IC_Init)
    HAL_TIM_IC_MspInit                       0x08002331   Thumb Code     2  stm32f1xx_hal_tim.o(i.HAL_TIM_IC_MspInit)
    HAL_TIM_IC_Start                         0x08002335   Thumb Code   172  stm32f1xx_hal_tim.o(i.HAL_TIM_IC_Start)
    HAL_TIM_IRQHandler                       0x080023ed   Thumb Code   304  stm32f1xx_hal_tim.o(i.HAL_TIM_IRQHandler)
    HAL_TIM_MspPostInit                      0x0800251d   Thumb Code    62  stm32f1xx_hal_msp.o(i.HAL_TIM_MspPostInit)
    HAL_TIM_OC_DelayElapsedCallback          0x08002565   Thumb Code     2  stm32f1xx_hal_tim.o(i.HAL_TIM_OC_DelayElapsedCallback)
    HAL_TIM_PWM_ConfigChannel                0x08002567   Thumb Code   204  stm32f1xx_hal_tim.o(i.HAL_TIM_PWM_ConfigChannel)
    HAL_TIM_PWM_Init                         0x08002633   Thumb Code    90  stm32f1xx_hal_tim.o(i.HAL_TIM_PWM_Init)
    HAL_TIM_PWM_MspInit                      0x0800268d   Thumb Code     2  stm32f1xx_hal_tim.o(i.HAL_TIM_PWM_MspInit)
    HAL_TIM_PWM_PulseFinishedCallback        0x0800268f   Thumb Code     2  stm32f1xx_hal_tim.o(i.HAL_TIM_PWM_PulseFinishedCallback)
    HAL_TIM_PWM_Start                        0x08002691   Thumb Code   144  stm32f1xx_hal_tim.o(i.HAL_TIM_PWM_Start)
    HAL_TIM_PeriodElapsedCallback            0x0800272d   Thumb Code     2  stm32f1xx_hal_tim.o(i.HAL_TIM_PeriodElapsedCallback)
    HAL_TIM_ReadCapturedValue                0x0800272f   Thumb Code    42  stm32f1xx_hal_tim.o(i.HAL_TIM_ReadCapturedValue)
    HAL_TIM_TriggerCallback                  0x08002759   Thumb Code     2  stm32f1xx_hal_tim.o(i.HAL_TIM_TriggerCallback)
    HAL_UARTEx_RxEventCallback               0x0800275b   Thumb Code     2  stm32f1xx_hal_uart.o(i.HAL_UARTEx_RxEventCallback)
    HAL_UART_ErrorCallback                   0x0800275d   Thumb Code     2  stm32f1xx_hal_uart.o(i.HAL_UART_ErrorCallback)
    HAL_UART_IRQHandler                      0x08002761   Thumb Code   616  stm32f1xx_hal_uart.o(i.HAL_UART_IRQHandler)
    HAL_UART_Init                            0x080029cd   Thumb Code   100  stm32f1xx_hal_uart.o(i.HAL_UART_Init)
    HAL_UART_MspInit                         0x08002a31   Thumb Code   128  stm32f1xx_hal_msp.o(i.HAL_UART_MspInit)
    HAL_UART_Receive_IT                      0x08002ac1   Thumb Code    28  stm32f1xx_hal_uart.o(i.HAL_UART_Receive_IT)
    HAL_UART_RxCpltCallback                  0x08002add   Thumb Code   112  main.o(i.HAL_UART_RxCpltCallback)
    HAL_UART_TxCpltCallback                  0x08002b59   Thumb Code     2  stm32f1xx_hal_uart.o(i.HAL_UART_TxCpltCallback)
    HardFault_Handler                        0x08002b5b   Thumb Code     2  stm32f1xx_it.o(i.HardFault_Handler)
    MemManage_Handler                        0x08002da1   Thumb Code     2  stm32f1xx_it.o(i.MemManage_Handler)
    NMI_Handler                              0x08002da3   Thumb Code     2  stm32f1xx_it.o(i.NMI_Handler)
    OLED_Clear                               0x08002da5   Thumb Code    38  oled.o(i.OLED_Clear)
    OLED_I2C_Init                            0x08002dcd   Thumb Code    70  oled.o(i.OLED_I2C_Init)
    OLED_I2C_SendByte                        0x08002e1d   Thumb Code    94  oled.o(i.OLED_I2C_SendByte)
    OLED_I2C_Start                           0x08002e81   Thumb Code    52  oled.o(i.OLED_I2C_Start)
    OLED_I2C_Stop                            0x08002eb9   Thumb Code    42  oled.o(i.OLED_I2C_Stop)
    OLED_Init                                0x08002ee9   Thumb Code   172  oled.o(i.OLED_Init)
    OLED_Pow                                 0x08002f95   Thumb Code    14  oled.o(i.OLED_Pow)
    OLED_SetCursor                           0x08002fa3   Thumb Code    34  oled.o(i.OLED_SetCursor)
    OLED_ShowChar                            0x08002fc5   Thumb Code    98  oled.o(i.OLED_ShowChar)
    OLED_ShowNum                             0x0800302d   Thumb Code    66  oled.o(i.OLED_ShowNum)
    OLED_ShowString                          0x0800306f   Thumb Code    38  oled.o(i.OLED_ShowString)
    OLED_WriteCommand                        0x08003095   Thumb Code    34  oled.o(i.OLED_WriteCommand)
    OLED_WriteData                           0x080030b7   Thumb Code    34  oled.o(i.OLED_WriteData)
    PendSV_Handler                           0x080030d9   Thumb Code     2  stm32f1xx_it.o(i.PendSV_Handler)
    SVC_Handler                              0x080030db   Thumb Code     2  stm32f1xx_it.o(i.SVC_Handler)
    SysTick_Handler                          0x080030dd   Thumb Code     4  stm32f1xx_it.o(i.SysTick_Handler)
    SystemClock_Config                       0x080030e1   Thumb Code    94  main.o(i.SystemClock_Config)
    SystemInit                               0x0800313f   Thumb Code     2  system_stm32f1xx.o(i.SystemInit)
    TIM1_CC_IRQHandler                       0x08003141   Thumb Code     6  stm32f1xx_it.o(i.TIM1_CC_IRQHandler)
    TIM_Base_SetConfig                       0x0800314d   Thumb Code   108  stm32f1xx_hal_tim.o(i.TIM_Base_SetConfig)
    TIM_CCxChannelCmd                        0x080031c5   Thumb Code    26  stm32f1xx_hal_tim.o(i.TIM_CCxChannelCmd)
    TIM_ETR_SetConfig                        0x080031df   Thumb Code    20  stm32f1xx_hal_tim.o(i.TIM_ETR_SetConfig)
    TIM_OC2_SetConfig                        0x08003255   Thumb Code    84  stm32f1xx_hal_tim.o(i.TIM_OC2_SetConfig)
    TIM_TI1_SetConfig                        0x0800336d   Thumb Code    76  stm32f1xx_hal_tim.o(i.TIM_TI1_SetConfig)
    UART_Start_Receive_IT                    0x080035f9   Thumb Code    54  stm32f1xx_hal_uart.o(i.UART_Start_Receive_IT)
    USART1_IRQHandler                        0x08003631   Thumb Code     6  stm32f1xx_it.o(i.USART1_IRQHandler)
    UsageFault_Handler                       0x0800363d   Thumb Code     2  stm32f1xx_it.o(i.UsageFault_Handler)
    __ARM_fpclassify                         0x0800363f   Thumb Code    40  fpclassify.o(i.__ARM_fpclassify)
    _is_digit                                0x08003687   Thumb Code    14  __printf_wp.o(i._is_digit)
    delay_us                                 0x08003695   Thumb Code    16  ds18b20.o(i.delay_us)
    main                                     0x080036a5   Thumb Code   842  main.o(i.main)
    _get_lc_numeric                          0x08003a6d   Thumb Code    44  lc_numeric_c.o(locale$$code)
    __aeabi_d2f                              0x08003a99   Thumb Code     0  d2f.o(x$fpl$d2f)
    _d2f                                     0x08003a99   Thumb Code    98  d2f.o(x$fpl$d2f)
    __fpl_dcheck_NaN1                        0x08003afd   Thumb Code    10  dcheck1.o(x$fpl$dcheck1)
    __aeabi_d2iz                             0x08003b0d   Thumb Code     0  dfix.o(x$fpl$dfix)
    _dfix                                    0x08003b0d   Thumb Code    94  dfix.o(x$fpl$dfix)
    __aeabi_i2d                              0x08003b6b   Thumb Code     0  dflt_clz.o(x$fpl$dflt)
    _dflt                                    0x08003b6b   Thumb Code    46  dflt_clz.o(x$fpl$dflt)
    __aeabi_dmul                             0x08003b99   Thumb Code     0  dmul.o(x$fpl$dmul)
    _dmul                                    0x08003b99   Thumb Code   332  dmul.o(x$fpl$dmul)
    __fpl_dnaninf                            0x08003ced   Thumb Code   156  dnaninf.o(x$fpl$dnaninf)
    __fpl_dretinf                            0x08003d89   Thumb Code    12  dretinf.o(x$fpl$dretinf)
    __aeabi_f2d                              0x08003d95   Thumb Code     0  f2d.o(x$fpl$f2d)
    _f2d                                     0x08003d95   Thumb Code    86  f2d.o(x$fpl$f2d)
    __fpl_fnaninf                            0x08003deb   Thumb Code   140  fnaninf.o(x$fpl$fnaninf)
    __fpl_fretinf                            0x08003e77   Thumb Code    10  fretinf.o(x$fpl$fretinf)
    _printf_fp_dec                           0x08003e81   Thumb Code     4  printf1.o(x$fpl$printf1)
    __fpl_return_NaN                         0x08003e85   Thumb Code   100  retnan.o(x$fpl$retnan)
    __ARM_scalbn                             0x08003ee9   Thumb Code    92  scalbn.o(x$fpl$scalbn)
    __fpl_cmpreturn                          0x08003f45   Thumb Code    48  trapv.o(x$fpl$trapveneer)
    __I$use$fp                               0x08003f74   Number         0  usenofp.o(x$fpl$usenofp)
    AHBPrescTable                            0x08003f86   Data          16  system_stm32f1xx.o(.constdata)
    APBPrescTable                            0x08003f96   Data           8  system_stm32f1xx.o(.constdata)
    OLED_F8x16                               0x08003f9e   Data        1520  oled.o(.constdata)
    Region$$Table$$Base                      0x08004624   Number         0  anon$$obj.o(Region$$Table)
    Region$$Table$$Limit                     0x08004644   Number         0  anon$$obj.o(Region$$Table)
    bt_turn                                  0x20000000   Data           1  main.o(.data)
    mode                                     0x20000001   Data           1  main.o(.data)
    direction                                0x20000002   Data           1  main.o(.data)
    rx_data                                  0x20000003   Data           1  main.o(.data)
    speed                                    0x20000004   Data           4  main.o(.data)
    uwTickFreq                               0x20000008   Data           1  stm32f1xx_hal.o(.data)
    uwTickPrio                               0x2000000c   Data           4  stm32f1xx_hal.o(.data)
    uwTick                                   0x20000010   Data           4  stm32f1xx_hal.o(.data)
    SystemCoreClock                          0x20000014   Data           4  system_stm32f1xx.o(.data)
    htim1                                    0x20000018   Data          72  main.o(.bss)
    htim2                                    0x20000060   Data          72  main.o(.bss)
    huart1                                   0x200000a8   Data          72  main.o(.bss)
    __libspace_start                         0x200000f0   Data          96  libspace.o(.bss)
    __temporary_stack_top$libspace           0x20000150   Data           0  libspace.o(.bss)



==============================================================================

Memory Map of the image

  Image Entry point : 0x080000ed

  Load Region LR_IROM1 (Base: 0x08000000, Size: 0x00004678, Max: 0x00010000, ABSOLUTE)

    Execution Region ER_IROM1 (Exec base: 0x08000000, Load base: 0x08000000, Size: 0x00004660, Max: 0x00010000, ABSOLUTE)

    Exec Addr    Load Addr    Size         Type   Attr      Idx    E Section Name        Object

    0x08000000   0x08000000   0x000000ec   Data   RO            3    RESET               startup_stm32f103xb.o
    0x080000ec   0x080000ec   0x00000008   Code   RO         2946  * !!!main             c_w.l(__main.o)
    0x080000f4   0x080000f4   0x00000034   Code   RO         3194    !!!scatter          c_w.l(__scatter.o)
    0x08000128   0x08000128   0x0000001a   Code   RO         3196    !!handler_copy      c_w.l(__scatter_copy.o)
    0x08000142   0x08000142   0x00000002   PAD
    0x08000144   0x08000144   0x0000001c   Code   RO         3198    !!handler_zi        c_w.l(__scatter_zi.o)
    0x08000160   0x08000160   0x00000000   Code   RO         2941    .ARM.Collect$$_printf_percent$$00000000  c_w.l(_printf_percent.o)
    0x08000160   0x08000160   0x00000006   Code   RO         2940    .ARM.Collect$$_printf_percent$$00000003  c_w.l(_printf_f.o)
    0x08000166   0x08000166   0x00000006   Code   RO         2939    .ARM.Collect$$_printf_percent$$00000009  c_w.l(_printf_d.o)
    0x0800016c   0x0800016c   0x00000004   Code   RO         2977    .ARM.Collect$$_printf_percent$$00000017  c_w.l(_printf_percent_end.o)
    0x08000170   0x08000170   0x00000002   Code   RO         3063    .ARM.Collect$$libinit$$00000000  c_w.l(libinit.o)
    0x08000172   0x08000172   0x00000000   Code   RO         3065    .ARM.Collect$$libinit$$00000002  c_w.l(libinit2.o)
    0x08000172   0x08000172   0x00000000   Code   RO         3067    .ARM.Collect$$libinit$$00000004  c_w.l(libinit2.o)
    0x08000172   0x08000172   0x00000000   Code   RO         3070    .ARM.Collect$$libinit$$0000000A  c_w.l(libinit2.o)
    0x08000172   0x08000172   0x00000000   Code   RO         3072    .ARM.Collect$$libinit$$0000000C  c_w.l(libinit2.o)
    0x08000172   0x08000172   0x00000000   Code   RO         3074    .ARM.Collect$$libinit$$0000000E  c_w.l(libinit2.o)
    0x08000172   0x08000172   0x00000006   Code   RO         3075    .ARM.Collect$$libinit$$0000000F  c_w.l(libinit2.o)
    0x08000178   0x08000178   0x00000000   Code   RO         3077    .ARM.Collect$$libinit$$00000011  c_w.l(libinit2.o)
    0x08000178   0x08000178   0x00000000   Code   RO         3079    .ARM.Collect$$libinit$$00000013  c_w.l(libinit2.o)
    0x08000178   0x08000178   0x00000000   Code   RO         3081    .ARM.Collect$$libinit$$00000015  c_w.l(libinit2.o)
    0x08000178   0x08000178   0x0000000a   Code   RO         3082    .ARM.Collect$$libinit$$00000016  c_w.l(libinit2.o)
    0x08000182   0x08000182   0x00000000   Code   RO         3083    .ARM.Collect$$libinit$$00000017  c_w.l(libinit2.o)
    0x08000182   0x08000182   0x00000000   Code   RO         3085    .ARM.Collect$$libinit$$00000019  c_w.l(libinit2.o)
    0x08000182   0x08000182   0x00000000   Code   RO         3087    .ARM.Collect$$libinit$$0000001B  c_w.l(libinit2.o)
    0x08000182   0x08000182   0x00000000   Code   RO         3089    .ARM.Collect$$libinit$$0000001D  c_w.l(libinit2.o)
    0x08000182   0x08000182   0x00000000   Code   RO         3091    .ARM.Collect$$libinit$$0000001F  c_w.l(libinit2.o)
    0x08000182   0x08000182   0x00000000   Code   RO         3093    .ARM.Collect$$libinit$$00000021  c_w.l(libinit2.o)
    0x08000182   0x08000182   0x00000000   Code   RO         3095    .ARM.Collect$$libinit$$00000023  c_w.l(libinit2.o)
    0x08000182   0x08000182   0x00000000   Code   RO         3097    .ARM.Collect$$libinit$$00000025  c_w.l(libinit2.o)
    0x08000182   0x08000182   0x00000000   Code   RO         3101    .ARM.Collect$$libinit$$0000002C  c_w.l(libinit2.o)
    0x08000182   0x08000182   0x00000000   Code   RO         3103    .ARM.Collect$$libinit$$0000002E  c_w.l(libinit2.o)
    0x08000182   0x08000182   0x00000000   Code   RO         3105    .ARM.Collect$$libinit$$00000030  c_w.l(libinit2.o)
    0x08000182   0x08000182   0x00000000   Code   RO         3107    .ARM.Collect$$libinit$$00000032  c_w.l(libinit2.o)
    0x08000182   0x08000182   0x00000002   Code   RO         3108    .ARM.Collect$$libinit$$00000033  c_w.l(libinit2.o)
    0x08000184   0x08000184   0x00000002   Code   RO         3140    .ARM.Collect$$libshutdown$$00000000  c_w.l(libshutdown.o)
    0x08000186   0x08000186   0x00000000   Code   RO         3151    .ARM.Collect$$libshutdown$$00000002  c_w.l(libshutdown2.o)
    0x08000186   0x08000186   0x00000000   Code   RO         3153    .ARM.Collect$$libshutdown$$00000004  c_w.l(libshutdown2.o)
    0x08000186   0x08000186   0x00000000   Code   RO         3155    .ARM.Collect$$libshutdown$$00000006  c_w.l(libshutdown2.o)
    0x08000186   0x08000186   0x00000000   Code   RO         3158    .ARM.Collect$$libshutdown$$00000009  c_w.l(libshutdown2.o)
    0x08000186   0x08000186   0x00000000   Code   RO         3161    .ARM.Collect$$libshutdown$$0000000C  c_w.l(libshutdown2.o)
    0x08000186   0x08000186   0x00000000   Code   RO         3163    .ARM.Collect$$libshutdown$$0000000E  c_w.l(libshutdown2.o)
    0x08000186   0x08000186   0x00000000   Code   RO         3166    .ARM.Collect$$libshutdown$$00000011  c_w.l(libshutdown2.o)
    0x08000186   0x08000186   0x00000002   Code   RO         3167    .ARM.Collect$$libshutdown$$00000012  c_w.l(libshutdown2.o)
    0x08000188   0x08000188   0x00000000   Code   RO         2968    .ARM.Collect$$rtentry$$00000000  c_w.l(__rtentry.o)
    0x08000188   0x08000188   0x00000000   Code   RO         2990    .ARM.Collect$$rtentry$$00000002  c_w.l(__rtentry2.o)
    0x08000188   0x08000188   0x00000006   Code   RO         3002    .ARM.Collect$$rtentry$$00000004  c_w.l(__rtentry4.o)
    0x0800018e   0x0800018e   0x00000000   Code   RO         2992    .ARM.Collect$$rtentry$$00000009  c_w.l(__rtentry2.o)
    0x0800018e   0x0800018e   0x00000004   Code   RO         2993    .ARM.Collect$$rtentry$$0000000A  c_w.l(__rtentry2.o)
    0x08000192   0x08000192   0x00000000   Code   RO         2995    .ARM.Collect$$rtentry$$0000000C  c_w.l(__rtentry2.o)
    0x08000192   0x08000192   0x00000008   Code   RO         2996    .ARM.Collect$$rtentry$$0000000D  c_w.l(__rtentry2.o)
    0x0800019a   0x0800019a   0x00000002   Code   RO         3111    .ARM.Collect$$rtexit$$00000000  c_w.l(rtexit.o)
    0x0800019c   0x0800019c   0x00000000   Code   RO         3118    .ARM.Collect$$rtexit$$00000002  c_w.l(rtexit2.o)
    0x0800019c   0x0800019c   0x00000004   Code   RO         3119    .ARM.Collect$$rtexit$$00000003  c_w.l(rtexit2.o)
    0x080001a0   0x080001a0   0x00000006   Code   RO         3120    .ARM.Collect$$rtexit$$00000004  c_w.l(rtexit2.o)
    0x080001a6   0x080001a6   0x00000002   PAD
    0x080001a8   0x080001a8   0x00000040   Code   RO            4    .text               startup_stm32f103xb.o
    0x080001e8   0x080001e8   0x00000028   Code   RO         2911    .text               c_w.l(noretval__2sprintf.o)
    0x08000210   0x08000210   0x0000004e   Code   RO         2915    .text               c_w.l(_printf_pad.o)
    0x0800025e   0x0800025e   0x00000002   PAD
    0x08000260   0x08000260   0x00000078   Code   RO         2917    .text               c_w.l(_printf_dec.o)
    0x080002d8   0x080002d8   0x0000010e   Code   RO         2927    .text               c_w.l(__printf_wp.o)
    0x080003e6   0x080003e6   0x0000004e   Code   RO         2942    .text               c_w.l(rt_memclr_w.o)
    0x08000434   0x08000434   0x00000006   Code   RO         2944    .text               c_w.l(heapauxi.o)
    0x0800043a   0x0800043a   0x000000b2   Code   RO         2969    .text               c_w.l(_printf_intcommon.o)
    0x080004ec   0x080004ec   0x0000041e   Code   RO         2971    .text               c_w.l(_printf_fp_dec.o)
    0x0800090a   0x0800090a   0x00000002   PAD
    0x0800090c   0x0800090c   0x00000030   Code   RO         2973    .text               c_w.l(_printf_char_common.o)
    0x0800093c   0x0800093c   0x0000000a   Code   RO         2975    .text               c_w.l(_sputc.o)
    0x08000946   0x08000946   0x00000002   PAD
    0x08000948   0x08000948   0x00000008   Code   RO         3007    .text               c_w.l(rt_locale_intlibspace.o)
    0x08000950   0x08000950   0x0000008a   Code   RO         3009    .text               c_w.l(lludiv10.o)
    0x080009da   0x080009da   0x00000002   PAD
    0x080009dc   0x080009dc   0x00000080   Code   RO         3011    .text               c_w.l(_printf_fp_infnan.o)
    0x08000a5c   0x08000a5c   0x000000e4   Code   RO         3015    .text               c_w.l(bigflt0.o)
    0x08000b40   0x08000b40   0x00000008   Code   RO         3049    .text               c_w.l(libspace.o)
    0x08000b48   0x08000b48   0x0000004a   Code   RO         3052    .text               c_w.l(sys_stackheap_outer.o)
    0x08000b92   0x08000b92   0x00000012   Code   RO         3054    .text               c_w.l(exit.o)
    0x08000ba4   0x08000ba4   0x00000080   Code   RO         3056    .text               c_w.l(strcmpv7m.o)
    0x08000c24   0x08000c24   0x0000000c   Code   RO         3130    .text               c_w.l(sys_exit.o)
    0x08000c30   0x08000c30   0x00000002   Code   RO         3141    .text               c_w.l(use_no_semi.o)
    0x08000c32   0x08000c32   0x00000000   Code   RO         3143    .text               c_w.l(indicate_semi.o)
    0x08000c32   0x08000c32   0x0000003e   Code   RO         3018    CL$$btod_d2e        c_w.l(btod.o)
    0x08000c70   0x08000c70   0x00000046   Code   RO         3020    CL$$btod_d2e_denorm_low  c_w.l(btod.o)
    0x08000cb6   0x08000cb6   0x00000060   Code   RO         3019    CL$$btod_d2e_norm_op1  c_w.l(btod.o)
    0x08000d16   0x08000d16   0x00000338   Code   RO         3028    CL$$btod_div_common  c_w.l(btod.o)
    0x0800104e   0x0800104e   0x000000dc   Code   RO         3025    CL$$btod_e2e        c_w.l(btod.o)
    0x0800112a   0x0800112a   0x0000002a   Code   RO         3022    CL$$btod_ediv       c_w.l(btod.o)
    0x08001154   0x08001154   0x0000002a   Code   RO         3021    CL$$btod_emul       c_w.l(btod.o)
    0x0800117e   0x0800117e   0x00000244   Code   RO         3027    CL$$btod_mult_common  c_w.l(btod.o)
    0x080013c2   0x080013c2   0x00000002   Code   RO          185    i.BusFault_Handler  stm32f1xx_it.o
    0x080013c4   0x080013c4   0x00000060   Code   RO         2829    i.DS18B20_Check     ds18b20.o
    0x08001424   0x08001424   0x00000050   Code   RO         2830    i.DS18B20_Get_Temperature  ds18b20.o
    0x08001474   0x08001474   0x0000001c   Code   RO         2831    i.DS18B20_IO_IN     ds18b20.o
    0x08001490   0x08001490   0x00000020   Code   RO         2832    i.DS18B20_IO_OUT    ds18b20.o
    0x080014b0   0x080014b0   0x0000000e   Code   RO         2833    i.DS18B20_Init      ds18b20.o
    0x080014be   0x080014be   0x00000002   PAD
    0x080014c0   0x080014c0   0x00000050   Code   RO         2834    i.DS18B20_Read_Bit  ds18b20.o
    0x08001510   0x08001510   0x00000020   Code   RO         2835    i.DS18B20_Read_Byte  ds18b20.o
    0x08001530   0x08001530   0x00000038   Code   RO         2836    i.DS18B20_Rst       ds18b20.o
    0x08001568   0x08001568   0x0000001a   Code   RO         2837    i.DS18B20_Start     ds18b20.o
    0x08001582   0x08001582   0x00000002   PAD
    0x08001584   0x08001584   0x00000064   Code   RO         2838    i.DS18B20_Write_Byte  ds18b20.o
    0x080015e8   0x080015e8   0x00000002   Code   RO          186    i.DebugMon_Handler  stm32f1xx_it.o
    0x080015ea   0x080015ea   0x00000002   PAD
    0x080015ec   0x080015ec   0x00000070   Code   RO           14    i.Get_Distance      main.o
    0x0800165c   0x0800165c   0x00000046   Code   RO         1717    i.HAL_DMA_Abort     stm32f1xx_hal_dma.o
    0x080016a2   0x080016a2   0x00000002   PAD
    0x080016a4   0x080016a4   0x00000098   Code   RO         1718    i.HAL_DMA_Abort_IT  stm32f1xx_hal_dma.o
    0x0800173c   0x0800173c   0x00000024   Code   RO         1343    i.HAL_Delay         stm32f1xx_hal.o
    0x08001760   0x08001760   0x000001e0   Code   RO         1653    i.HAL_GPIO_Init     stm32f1xx_hal_gpio.o
    0x08001940   0x08001940   0x0000000a   Code   RO         1655    i.HAL_GPIO_ReadPin  stm32f1xx_hal_gpio.o
    0x0800194a   0x0800194a   0x0000000a   Code   RO         1657    i.HAL_GPIO_WritePin  stm32f1xx_hal_gpio.o
    0x08001954   0x08001954   0x0000000c   Code   RO         1347    i.HAL_GetTick       stm32f1xx_hal.o
    0x08001960   0x08001960   0x00000010   Code   RO         1353    i.HAL_IncTick       stm32f1xx_hal.o
    0x08001970   0x08001970   0x00000024   Code   RO         1354    i.HAL_Init          stm32f1xx_hal.o
    0x08001994   0x08001994   0x00000040   Code   RO         1355    i.HAL_InitTick      stm32f1xx_hal.o
    0x080019d4   0x080019d4   0x0000003c   Code   RO          273    i.HAL_MspInit       stm32f1xx_hal_msp.o
    0x08001a10   0x08001a10   0x0000001a   Code   RO         1813    i.HAL_NVIC_EnableIRQ  stm32f1xx_hal_cortex.o
    0x08001a2a   0x08001a2a   0x00000002   PAD
    0x08001a2c   0x08001a2c   0x00000040   Code   RO         1819    i.HAL_NVIC_SetPriority  stm32f1xx_hal_cortex.o
    0x08001a6c   0x08001a6c   0x00000024   Code   RO         1820    i.HAL_NVIC_SetPriorityGrouping  stm32f1xx_hal_cortex.o
    0x08001a90   0x08001a90   0x0000012c   Code   RO         1511    i.HAL_RCC_ClockConfig  stm32f1xx_hal_rcc.o
    0x08001bbc   0x08001bbc   0x00000020   Code   RO         1518    i.HAL_RCC_GetPCLK1Freq  stm32f1xx_hal_rcc.o
    0x08001bdc   0x08001bdc   0x00000020   Code   RO         1519    i.HAL_RCC_GetPCLK2Freq  stm32f1xx_hal_rcc.o
    0x08001bfc   0x08001bfc   0x0000004c   Code   RO         1520    i.HAL_RCC_GetSysClockFreq  stm32f1xx_hal_rcc.o
    0x08001c48   0x08001c48   0x00000320   Code   RO         1523    i.HAL_RCC_OscConfig  stm32f1xx_hal_rcc.o
    0x08001f68   0x08001f68   0x00000028   Code   RO         1824    i.HAL_SYSTICK_Config  stm32f1xx_hal_cortex.o
    0x08001f90   0x08001f90   0x00000002   Code   RO         1069    i.HAL_TIMEx_BreakCallback  stm32f1xx_hal_tim_ex.o
    0x08001f92   0x08001f92   0x00000002   Code   RO         1070    i.HAL_TIMEx_CommutCallback  stm32f1xx_hal_tim_ex.o
    0x08001f94   0x08001f94   0x00000068   Code   RO         1088    i.HAL_TIMEx_MasterConfigSynchronization  stm32f1xx_hal_tim_ex.o
    0x08001ffc   0x08001ffc   0x0000005a   Code   RO          365    i.HAL_TIM_Base_Init  stm32f1xx_hal_tim.o
    0x08002056   0x08002056   0x00000002   PAD
    0x08002058   0x08002058   0x0000007c   Code   RO          275    i.HAL_TIM_Base_MspInit  stm32f1xx_hal_msp.o
    0x080020d4   0x080020d4   0x000000dc   Code   RO          374    i.HAL_TIM_ConfigClockSource  stm32f1xx_hal_tim.o
    0x080021b0   0x080021b0   0x00000002   Code   RO          399    i.HAL_TIM_IC_CaptureCallback  stm32f1xx_hal_tim.o
    0x080021b2   0x080021b2   0x00000124   Code   RO          401    i.HAL_TIM_IC_ConfigChannel  stm32f1xx_hal_tim.o
    0x080022d6   0x080022d6   0x0000005a   Code   RO          404    i.HAL_TIM_IC_Init   stm32f1xx_hal_tim.o
    0x08002330   0x08002330   0x00000002   Code   RO          406    i.HAL_TIM_IC_MspInit  stm32f1xx_hal_tim.o
    0x08002332   0x08002332   0x00000002   PAD
    0x08002334   0x08002334   0x000000b8   Code   RO          407    i.HAL_TIM_IC_Start  stm32f1xx_hal_tim.o
    0x080023ec   0x080023ec   0x00000130   Code   RO          413    i.HAL_TIM_IRQHandler  stm32f1xx_hal_tim.o
    0x0800251c   0x0800251c   0x00000048   Code   RO          276    i.HAL_TIM_MspPostInit  stm32f1xx_hal_msp.o
    0x08002564   0x08002564   0x00000002   Code   RO          416    i.HAL_TIM_OC_DelayElapsedCallback  stm32f1xx_hal_tim.o
    0x08002566   0x08002566   0x000000cc   Code   RO          437    i.HAL_TIM_PWM_ConfigChannel  stm32f1xx_hal_tim.o
    0x08002632   0x08002632   0x0000005a   Code   RO          440    i.HAL_TIM_PWM_Init  stm32f1xx_hal_tim.o
    0x0800268c   0x0800268c   0x00000002   Code   RO          442    i.HAL_TIM_PWM_MspInit  stm32f1xx_hal_tim.o
    0x0800268e   0x0800268e   0x00000002   Code   RO          443    i.HAL_TIM_PWM_PulseFinishedCallback  stm32f1xx_hal_tim.o
    0x08002690   0x08002690   0x0000009c   Code   RO          445    i.HAL_TIM_PWM_Start  stm32f1xx_hal_tim.o
    0x0800272c   0x0800272c   0x00000002   Code   RO          451    i.HAL_TIM_PeriodElapsedCallback  stm32f1xx_hal_tim.o
    0x0800272e   0x0800272e   0x0000002a   Code   RO          453    i.HAL_TIM_ReadCapturedValue  stm32f1xx_hal_tim.o
    0x08002758   0x08002758   0x00000002   Code   RO          456    i.HAL_TIM_TriggerCallback  stm32f1xx_hal_tim.o
    0x0800275a   0x0800275a   0x00000002   Code   RO         2325    i.HAL_UARTEx_RxEventCallback  stm32f1xx_hal_uart.o
    0x0800275c   0x0800275c   0x00000002   Code   RO         2339    i.HAL_UART_ErrorCallback  stm32f1xx_hal_uart.o
    0x0800275e   0x0800275e   0x00000002   PAD
    0x08002760   0x08002760   0x0000026c   Code   RO         2342    i.HAL_UART_IRQHandler  stm32f1xx_hal_uart.o
    0x080029cc   0x080029cc   0x00000064   Code   RO         2343    i.HAL_UART_Init     stm32f1xx_hal_uart.o
    0x08002a30   0x08002a30   0x00000090   Code   RO          278    i.HAL_UART_MspInit  stm32f1xx_hal_msp.o
    0x08002ac0   0x08002ac0   0x0000001c   Code   RO         2348    i.HAL_UART_Receive_IT  stm32f1xx_hal_uart.o
    0x08002adc   0x08002adc   0x0000007c   Code   RO           15    i.HAL_UART_RxCpltCallback  main.o
    0x08002b58   0x08002b58   0x00000002   Code   RO         2354    i.HAL_UART_TxCpltCallback  stm32f1xx_hal_uart.o
    0x08002b5a   0x08002b5a   0x00000002   Code   RO          187    i.HardFault_Handler  stm32f1xx_it.o
    0x08002b5c   0x08002b5c   0x000000f0   Code   RO           16    i.MX_GPIO_Init      main.o
    0x08002c4c   0x08002c4c   0x000000ac   Code   RO           17    i.MX_TIM1_Init      main.o
    0x08002cf8   0x08002cf8   0x000000a8   Code   RO           18    i.MX_TIM2_Init      main.o
    0x08002da0   0x08002da0   0x00000002   Code   RO          188    i.MemManage_Handler  stm32f1xx_it.o
    0x08002da2   0x08002da2   0x00000002   Code   RO          189    i.NMI_Handler       stm32f1xx_it.o
    0x08002da4   0x08002da4   0x00000026   Code   RO         2714    i.OLED_Clear        oled.o
    0x08002dca   0x08002dca   0x00000002   PAD
    0x08002dcc   0x08002dcc   0x00000050   Code   RO         2715    i.OLED_I2C_Init     oled.o
    0x08002e1c   0x08002e1c   0x00000064   Code   RO         2716    i.OLED_I2C_SendByte  oled.o
    0x08002e80   0x08002e80   0x00000038   Code   RO         2717    i.OLED_I2C_Start    oled.o
    0x08002eb8   0x08002eb8   0x00000030   Code   RO         2718    i.OLED_I2C_Stop     oled.o
    0x08002ee8   0x08002ee8   0x000000ac   Code   RO         2719    i.OLED_Init         oled.o
    0x08002f94   0x08002f94   0x0000000e   Code   RO         2720    i.OLED_Pow          oled.o
    0x08002fa2   0x08002fa2   0x00000022   Code   RO         2721    i.OLED_SetCursor    oled.o
    0x08002fc4   0x08002fc4   0x00000068   Code   RO         2723    i.OLED_ShowChar     oled.o
    0x0800302c   0x0800302c   0x00000042   Code   RO         2725    i.OLED_ShowNum      oled.o
    0x0800306e   0x0800306e   0x00000026   Code   RO         2727    i.OLED_ShowString   oled.o
    0x08003094   0x08003094   0x00000022   Code   RO         2728    i.OLED_WriteCommand  oled.o
    0x080030b6   0x080030b6   0x00000022   Code   RO         2729    i.OLED_WriteData    oled.o
    0x080030d8   0x080030d8   0x00000002   Code   RO          190    i.PendSV_Handler    stm32f1xx_it.o
    0x080030da   0x080030da   0x00000002   Code   RO          191    i.SVC_Handler       stm32f1xx_it.o
    0x080030dc   0x080030dc   0x00000004   Code   RO          192    i.SysTick_Handler   stm32f1xx_it.o
    0x080030e0   0x080030e0   0x0000005e   Code   RO           19    i.SystemClock_Config  main.o
    0x0800313e   0x0800313e   0x00000002   Code   RO         2677    i.SystemInit        system_stm32f1xx.o
    0x08003140   0x08003140   0x0000000c   Code   RO          193    i.TIM1_CC_IRQHandler  stm32f1xx_it.o
    0x0800314c   0x0800314c   0x00000078   Code   RO          458    i.TIM_Base_SetConfig  stm32f1xx_hal_tim.o
    0x080031c4   0x080031c4   0x0000001a   Code   RO          459    i.TIM_CCxChannelCmd  stm32f1xx_hal_tim.o
    0x080031de   0x080031de   0x00000014   Code   RO          469    i.TIM_ETR_SetConfig  stm32f1xx_hal_tim.o
    0x080031f2   0x080031f2   0x00000010   Code   RO          470    i.TIM_ITRx_SetConfig  stm32f1xx_hal_tim.o
    0x08003202   0x08003202   0x00000002   PAD
    0x08003204   0x08003204   0x00000050   Code   RO          471    i.TIM_OC1_SetConfig  stm32f1xx_hal_tim.o
    0x08003254   0x08003254   0x00000058   Code   RO          472    i.TIM_OC2_SetConfig  stm32f1xx_hal_tim.o
    0x080032ac   0x080032ac   0x00000058   Code   RO          473    i.TIM_OC3_SetConfig  stm32f1xx_hal_tim.o
    0x08003304   0x08003304   0x00000044   Code   RO          474    i.TIM_OC4_SetConfig  stm32f1xx_hal_tim.o
    0x08003348   0x08003348   0x00000022   Code   RO          476    i.TIM_TI1_ConfigInputStage  stm32f1xx_hal_tim.o
    0x0800336a   0x0800336a   0x00000002   PAD
    0x0800336c   0x0800336c   0x00000058   Code   RO          477    i.TIM_TI1_SetConfig  stm32f1xx_hal_tim.o
    0x080033c4   0x080033c4   0x00000024   Code   RO          478    i.TIM_TI2_ConfigInputStage  stm32f1xx_hal_tim.o
    0x080033e8   0x080033e8   0x00000036   Code   RO          479    i.TIM_TI2_SetConfig  stm32f1xx_hal_tim.o
    0x0800341e   0x0800341e   0x00000010   Code   RO         2356    i.UART_DMAAbortOnError  stm32f1xx_hal_uart.o
    0x0800342e   0x0800342e   0x0000004e   Code   RO         2366    i.UART_EndRxTransfer  stm32f1xx_hal_uart.o
    0x0800347c   0x0800347c   0x000000c2   Code   RO         2368    i.UART_Receive_IT   stm32f1xx_hal_uart.o
    0x0800353e   0x0800353e   0x00000002   PAD
    0x08003540   0x08003540   0x000000b8   Code   RO         2369    i.UART_SetConfig    stm32f1xx_hal_uart.o
    0x080035f8   0x080035f8   0x00000036   Code   RO         2371    i.UART_Start_Receive_IT  stm32f1xx_hal_uart.o
    0x0800362e   0x0800362e   0x00000002   PAD
    0x08003630   0x08003630   0x0000000c   Code   RO          194    i.USART1_IRQHandler  stm32f1xx_it.o
    0x0800363c   0x0800363c   0x00000002   Code   RO          195    i.UsageFault_Handler  stm32f1xx_it.o
    0x0800363e   0x0800363e   0x00000028   Code   RO         3047    i.__ARM_fpclassify  m_ws.l(fpclassify.o)
    0x08003666   0x08003666   0x00000020   Code   RO         1826    i.__NVIC_SetPriority  stm32f1xx_hal_cortex.o
    0x08003686   0x08003686   0x0000000e   Code   RO         2929    i._is_digit         c_w.l(__printf_wp.o)
    0x08003694   0x08003694   0x00000010   Code   RO         2839    i.delay_us          ds18b20.o
    0x080036a4   0x080036a4   0x000003c8   Code   RO           20    i.main              main.o
    0x08003a6c   0x08003a6c   0x0000002c   Code   RO         3041    locale$$code        c_w.l(lc_numeric_c.o)
    0x08003a98   0x08003a98   0x00000062   Code   RO         2948    x$fpl$d2f           fz_ws.l(d2f.o)
    0x08003afa   0x08003afa   0x00000002   PAD
    0x08003afc   0x08003afc   0x00000010   Code   RO         2978    x$fpl$dcheck1       fz_ws.l(dcheck1.o)
    0x08003b0c   0x08003b0c   0x0000005e   Code   RO         2950    x$fpl$dfix          fz_ws.l(dfix.o)
    0x08003b6a   0x08003b6a   0x0000002e   Code   RO         2955    x$fpl$dflt          fz_ws.l(dflt_clz.o)
    0x08003b98   0x08003b98   0x00000154   Code   RO         2960    x$fpl$dmul          fz_ws.l(dmul.o)
    0x08003cec   0x08003cec   0x0000009c   Code   RO         2980    x$fpl$dnaninf       fz_ws.l(dnaninf.o)
    0x08003d88   0x08003d88   0x0000000c   Code   RO         2982    x$fpl$dretinf       fz_ws.l(dretinf.o)
    0x08003d94   0x08003d94   0x00000056   Code   RO         2962    x$fpl$f2d           fz_ws.l(f2d.o)
    0x08003dea   0x08003dea   0x0000008c   Code   RO         2984    x$fpl$fnaninf       fz_ws.l(fnaninf.o)
    0x08003e76   0x08003e76   0x0000000a   Code   RO         2986    x$fpl$fretinf       fz_ws.l(fretinf.o)
    0x08003e80   0x08003e80   0x00000004   Code   RO         2964    x$fpl$printf1       fz_ws.l(printf1.o)
    0x08003e84   0x08003e84   0x00000064   Code   RO         3045    x$fpl$retnan        fz_ws.l(retnan.o)
    0x08003ee8   0x08003ee8   0x0000005c   Code   RO         2966    x$fpl$scalbn        fz_ws.l(scalbn.o)
    0x08003f44   0x08003f44   0x00000030   Code   RO         3109    x$fpl$trapveneer    fz_ws.l(trapv.o)
    0x08003f74   0x08003f74   0x00000000   Code   RO         2988    x$fpl$usenofp       fz_ws.l(usenofp.o)
    0x08003f74   0x08003f74   0x00000012   Data   RO         1524    .constdata          stm32f1xx_hal_rcc.o
    0x08003f86   0x08003f86   0x00000010   Data   RO         2678    .constdata          system_stm32f1xx.o
    0x08003f96   0x08003f96   0x00000008   Data   RO         2679    .constdata          system_stm32f1xx.o
    0x08003f9e   0x08003f9e   0x000005f0   Data   RO         2730    .constdata          oled.o
    0x0800458e   0x0800458e   0x00000002   PAD
    0x08004590   0x08004590   0x00000094   Data   RO         3016    .constdata          c_w.l(bigflt0.o)
    0x08004624   0x08004624   0x00000020   Data   RO         3192    Region$$Table       anon$$obj.o
    0x08004644   0x08004644   0x0000001c   Data   RO         3040    locale$$data        c_w.l(lc_numeric_c.o)


    Execution Region RW_IRAM1 (Exec base: 0x20000000, Load base: 0x08004660, Size: 0x00000750, Max: 0x00005000, ABSOLUTE)

    Exec Addr    Load Addr    Size         Type   Attr      Idx    E Section Name        Object

    0x20000000   0x08004660   0x00000008   Data   RW           22    .data               main.o
    0x20000008   0x08004668   0x0000000c   Data   RW         1361    .data               stm32f1xx_hal.o
    0x20000014   0x08004674   0x00000004   Data   RW         2680    .data               system_stm32f1xx.o
    0x20000018        -       0x000000d8   Zero   RW           21    .bss                main.o
    0x200000f0        -       0x00000060   Zero   RW         3050    .bss                c_w.l(libspace.o)
    0x20000150        -       0x00000200   Zero   RW            2    HEAP                startup_stm32f103xb.o
    0x20000350        -       0x00000400   Zero   RW            1    STACK               startup_stm32f103xb.o


==============================================================================

Image component sizes


      Code (inc. data)   RO Data    RW Data    ZI Data      Debug   Object Name

       560         38          0          0          0       5529   ds18b20.o
      1878        184          0          8        216     431887   main.o
       818         32       1520          0          0       7695   oled.o
        64         26        236          0       1536        784   startup_stm32f103xb.o
       164         28          0         12          0       5685   stm32f1xx_hal.o
       198         14          0          0          0      28779   stm32f1xx_hal_cortex.o
       222          4          0          0          0       1687   stm32f1xx_hal_dma.o
       500         34          0          0          0       3407   stm32f1xx_hal_gpio.o
       400         46          0          0          0       2890   stm32f1xx_hal_msp.o
      1240         84         18          0          0       4948   stm32f1xx_hal_rcc.o
      2404         68          0          0          0      20667   stm32f1xx_hal_tim.o
       108         12          0          0          0       2293   stm32f1xx_hal_tim_ex.o
      1280         10          0          0          0       8520   stm32f1xx_hal_uart.o
        44         12          0          0          0       4443   stm32f1xx_it.o
         2          0         24          4          0       1035   system_stm32f1xx.o

    ----------------------------------------------------------------------
      9908        592       1832         24       1752     530249   Object Totals
         0          0         32          0          0          0   (incl. Generated)
        26          0          2          0          0          0   (incl. Padding)

    ----------------------------------------------------------------------

      Code (inc. data)   RO Data    RW Data    ZI Data      Debug   Library Member Name

         8          0          0          0          0         68   __main.o
       284          0          0          0          0        156   __printf_wp.o
         0          0          0          0          0          0   __rtentry.o
        12          0          0          0          0          0   __rtentry2.o
         6          0          0          0          0          0   __rtentry4.o
        52          8          0          0          0          0   __scatter.o
        26          0          0          0          0          0   __scatter_copy.o
        28          0          0          0          0          0   __scatter_zi.o
        48          6          0          0          0         96   _printf_char_common.o
         6          0          0          0          0          0   _printf_d.o
       120         16          0          0          0         92   _printf_dec.o
         6          0          0          0          0          0   _printf_f.o
      1054          0          0          0          0        216   _printf_fp_dec.o
       128         16          0          0          0         84   _printf_fp_infnan.o
       178          0          0          0          0         88   _printf_intcommon.o
        78          0          0          0          0        108   _printf_pad.o
         0          0          0          0          0          0   _printf_percent.o
         4          0          0          0          0          0   _printf_percent_end.o
        10          0          0          0          0         68   _sputc.o
       228          4        148          0          0         96   bigflt0.o
      1936        128          0          0          0        672   btod.o
        18          0          0          0          0         80   exit.o
         6          0          0          0          0        152   heapauxi.o
         0          0          0          0          0          0   indicate_semi.o
        44         10         28          0          0         76   lc_numeric_c.o
         2          0          0          0          0          0   libinit.o
        18          0          0          0          0          0   libinit2.o
         2          0          0          0          0          0   libshutdown.o
         2          0          0          0          0          0   libshutdown2.o
         8          4          0          0         96         68   libspace.o
       138          0          0          0          0         80   lludiv10.o
        40          6          0          0          0         84   noretval__2sprintf.o
         8          4          0          0          0         68   rt_locale_intlibspace.o
        78          0          0          0          0         80   rt_memclr_w.o
         2          0          0          0          0          0   rtexit.o
        10          0          0          0          0          0   rtexit2.o
       128          0          0          0          0         68   strcmpv7m.o
        12          4          0          0          0         68   sys_exit.o
        74          0          0          0          0         80   sys_stackheap_outer.o
         2          0          0          0          0         68   use_no_semi.o
        98          4          0          0          0         92   d2f.o
        16          4          0          0          0         68   dcheck1.o
        94          4          0          0          0         92   dfix.o
        46          0          0          0          0         68   dflt_clz.o
       340         12          0          0          0        104   dmul.o
       156          4          0          0          0         92   dnaninf.o
        12          0          0          0          0         68   dretinf.o
        86          4          0          0          0         84   f2d.o
       140          4          0          0          0         84   fnaninf.o
        10          0          0          0          0         68   fretinf.o
         4          0          0          0          0         68   printf1.o
       100          0          0          0          0         68   retnan.o
        92          0          0          0          0         68   scalbn.o
        48          0          0          0          0         68   trapv.o
         0          0          0          0          0          0   usenofp.o
        40          0          0          0          0         68   fpclassify.o

    ----------------------------------------------------------------------
      6100        242        176          0         96       3876   Library Totals
        14          0          0          0          0          0   (incl. Padding)

    ----------------------------------------------------------------------

      Code (inc. data)   RO Data    RW Data    ZI Data      Debug   Library Name

      4804        206        176          0         96       2716   c_w.l
      1242         36          0          0          0       1092   fz_ws.l
        40          0          0          0          0         68   m_ws.l

    ----------------------------------------------------------------------
      6100        242        176          0         96       3876   Library Totals

    ----------------------------------------------------------------------

==============================================================================


      Code (inc. data)   RO Data    RW Data    ZI Data      Debug   

     16008        834       2008         24       1848     526477   Grand Totals
     16008        834       2008         24       1848     526477   ELF Image Totals
     16008        834       2008         24          0          0   ROM Totals

==============================================================================

    Total RO  Size (Code + RO Data)                18016 (  17.59kB)
    Total RW  Size (RW Data + ZI Data)              1872 (   1.83kB)
    Total ROM Size (Code + RO Data + RW Data)      18040 (  17.62kB)

==============================================================================

